Component: ARM Compiler 5.06 update 5 (build 528) Tool: armlink [4d35e2]

==============================================================================

Section Cross References

    startup_stm32f10x_md.o(STACK) refers (Special) to heapauxi.o(.text) for __use_two_region_memory
    startup_stm32f10x_md.o(HEAP) refers (Special) to heapauxi.o(.text) for __use_two_region_memory
    startup_stm32f10x_md.o(RESET) refers (Special) to heapauxi.o(.text) for __use_two_region_memory
    startup_stm32f10x_md.o(RESET) refers to startup_stm32f10x_md.o(STACK) for __initial_sp
    startup_stm32f10x_md.o(RESET) refers to startup_stm32f10x_md.o(.text) for Reset_Handler
    startup_stm32f10x_md.o(RESET) refers to stm32f10x_it.o(i.NMI_Handler) for NMI_Handler
    startup_stm32f10x_md.o(RESET) refers to stm32f10x_it.o(i.HardFault_Handler) for HardFault_Handler
    startup_stm32f10x_md.o(RESET) refers to stm32f10x_it.o(i.MemManage_Handler) for MemManage_Handler
    startup_stm32f10x_md.o(RESET) refers to stm32f10x_it.o(i.BusFault_Handler) for BusFault_Handler
    startup_stm32f10x_md.o(RESET) refers to stm32f10x_it.o(i.UsageFault_Handler) for UsageFault_Handler
    startup_stm32f10x_md.o(RESET) refers to stm32f10x_it.o(i.SVC_Handler) for SVC_Handler
    startup_stm32f10x_md.o(RESET) refers to stm32f10x_it.o(i.DebugMon_Handler) for DebugMon_Handler
    startup_stm32f10x_md.o(RESET) refers to stm32f10x_it.o(i.PendSV_Handler) for PendSV_Handler
    startup_stm32f10x_md.o(RESET) refers to stm32f10x_it.o(i.SysTick_Handler) for SysTick_Handler
    startup_stm32f10x_md.o(.text) refers (Special) to heapauxi.o(.text) for __use_two_region_memory
    startup_stm32f10x_md.o(.text) refers to system_stm32f10x.o(i.SystemInit) for SystemInit
    startup_stm32f10x_md.o(.text) refers to __main.o(!!!main) for __main
    startup_stm32f10x_md.o(.text) refers to startup_stm32f10x_md.o(HEAP) for Heap_Mem
    startup_stm32f10x_md.o(.text) refers to startup_stm32f10x_md.o(STACK) for Stack_Mem
    system_stm32f10x.o(i.SetSysClock) refers to system_stm32f10x.o(i.SetSysClockTo72) for SetSysClockTo72
    system_stm32f10x.o(i.SystemCoreClockUpdate) refers to system_stm32f10x.o(.data) for SystemCoreClock
    system_stm32f10x.o(i.SystemInit) refers to system_stm32f10x.o(i.SetSysClock) for SetSysClock
    stm32f10x_adc.o(i.ADC_DeInit) refers to stm32f10x_rcc.o(i.RCC_APB2PeriphResetCmd) for RCC_APB2PeriphResetCmd
    stm32f10x_bkp.o(i.BKP_DeInit) refers to stm32f10x_rcc.o(i.RCC_BackupResetCmd) for RCC_BackupResetCmd
    stm32f10x_can.o(i.CAN_DeInit) refers to stm32f10x_rcc.o(i.RCC_APB1PeriphResetCmd) for RCC_APB1PeriphResetCmd
    stm32f10x_can.o(i.CAN_GetITStatus) refers to stm32f10x_can.o(i.CheckITStatus) for CheckITStatus
    stm32f10x_cec.o(i.CEC_DeInit) refers to stm32f10x_rcc.o(i.RCC_APB1PeriphResetCmd) for RCC_APB1PeriphResetCmd
    stm32f10x_dac.o(i.DAC_DeInit) refers to stm32f10x_rcc.o(i.RCC_APB1PeriphResetCmd) for RCC_APB1PeriphResetCmd
    stm32f10x_flash.o(i.FLASH_EnableWriteProtection) refers to stm32f10x_flash.o(i.FLASH_WaitForLastOperation) for FLASH_WaitForLastOperation
    stm32f10x_flash.o(i.FLASH_EraseAllBank1Pages) refers to stm32f10x_flash.o(i.FLASH_WaitForLastBank1Operation) for FLASH_WaitForLastBank1Operation
    stm32f10x_flash.o(i.FLASH_EraseAllPages) refers to stm32f10x_flash.o(i.FLASH_WaitForLastOperation) for FLASH_WaitForLastOperation
    stm32f10x_flash.o(i.FLASH_EraseOptionBytes) refers to stm32f10x_flash.o(i.FLASH_GetReadOutProtectionStatus) for FLASH_GetReadOutProtectionStatus
    stm32f10x_flash.o(i.FLASH_EraseOptionBytes) refers to stm32f10x_flash.o(i.FLASH_WaitForLastOperation) for FLASH_WaitForLastOperation
    stm32f10x_flash.o(i.FLASH_ErasePage) refers to stm32f10x_flash.o(i.FLASH_WaitForLastOperation) for FLASH_WaitForLastOperation
    stm32f10x_flash.o(i.FLASH_ProgramHalfWord) refers to stm32f10x_flash.o(i.FLASH_WaitForLastOperation) for FLASH_WaitForLastOperation
    stm32f10x_flash.o(i.FLASH_ProgramOptionByteData) refers to stm32f10x_flash.o(i.FLASH_WaitForLastOperation) for FLASH_WaitForLastOperation
    stm32f10x_flash.o(i.FLASH_ProgramWord) refers to stm32f10x_flash.o(i.FLASH_WaitForLastOperation) for FLASH_WaitForLastOperation
    stm32f10x_flash.o(i.FLASH_ReadOutProtection) refers to stm32f10x_flash.o(i.FLASH_WaitForLastOperation) for FLASH_WaitForLastOperation
    stm32f10x_flash.o(i.FLASH_UserOptionByteConfig) refers to stm32f10x_flash.o(i.FLASH_WaitForLastOperation) for FLASH_WaitForLastOperation
    stm32f10x_flash.o(i.FLASH_WaitForLastBank1Operation) refers to stm32f10x_flash.o(i.FLASH_GetBank1Status) for FLASH_GetBank1Status
    stm32f10x_flash.o(i.FLASH_WaitForLastOperation) refers to stm32f10x_flash.o(i.FLASH_GetBank1Status) for FLASH_GetBank1Status
    stm32f10x_gpio.o(i.GPIO_AFIODeInit) refers to stm32f10x_rcc.o(i.RCC_APB2PeriphResetCmd) for RCC_APB2PeriphResetCmd
    stm32f10x_gpio.o(i.GPIO_DeInit) refers to stm32f10x_rcc.o(i.RCC_APB2PeriphResetCmd) for RCC_APB2PeriphResetCmd
[...]
    i.LimitStep                              0x080039b4   Section        0  app_sensor.o(i.LimitStep)
    i.MQ135_Read                             0x080039dc   Section        0  app_sensor.o(i.MQ135_Read)
    MQ135_Read                               0x080039dd   Thumb Code    10  app_sensor.o(i.MQ135_Read)
    i.MedianAverageADC                       0x080039e6   Section        0  app_sensor.o(i.MedianAverageADC)
    MedianAverageADC                         0x080039e7   Thumb Code   122  app_sensor.o(i.MedianAverageADC)
    i.MemManage_Handler                      0x08003a60   Section        0  stm32f10x_it.o(i.MemManage_Handler)
    i.NMI_Handler                            0x08003a64   Section        0  stm32f10x_it.o(i.NMI_Handler)
    i.OLED_Clear                             0x08003a66   Section        0  oled.o(i.OLED_Clear)
    i.OLED_I2C_Init                          0x08003a90   Section        0  oled.o(i.OLED_I2C_Init)
    i.OLED_I2C_SendByte                      0x08003adc   Section        0  oled.o(i.OLED_I2C_SendByte)
    i.OLED_I2C_Start                         0x08003b2c   Section        0  oled.o(i.OLED_I2C_Start)
    i.OLED_I2C_Stop                          0x08003b5c   Section        0  oled.o(i.OLED_I2C_Stop)
    i.OLED_Init                              0x08003b84   Section        0  oled.o(i.OLED_Init)
    i.OLED_PrintLine                         0x08003c32   Section        0  app_ui.o(i.OLED_PrintLine)
    OLED_PrintLine                           0x08003c33   Thumb Code    70  app_ui.o(i.OLED_PrintLine)
    i.OLED_SetCursor                         0x08003c78   Section        0  oled.o(i.OLED_SetCursor)
    i.OLED_ShowChar                          0x08003c9c   Section        0  oled.o(i.OLED_ShowChar)
    i.OLED_ShowString                        0x08003d10   Section        0  oled.o(i.OLED_ShowString)
    i.OLED_WriteCommand                      0x08003d38   Section        0  oled.o(i.OLED_WriteCommand)
    i.OLED_WriteData                         0x08003d58   Section        0  oled.o(i.OLED_WriteData)
    i.Param_Checksum                         0x08003d78   Section        0  app_params.o(i.Param_Checksum)
    Param_Checksum                           0x08003d79   Thumb Code    28  app_params.o(i.Param_Checksum)
    i.ParseU16                               0x08003d94   Section        0  app_ble.o(i.ParseU16)
    ParseU16                                 0x08003d95   Thumb Code    72  app_ble.o(i.ParseU16)
    i.PendSV_Handler                         0x08003ddc   Section        0  stm32f10x_it.o(i.PendSV_Handler)
    i.RCC_ADCCLKConfig                       0x08003de0   Section        0  stm32f10x_rcc.o(i.RCC_ADCCLKConfig)
    i.RCC_APB1PeriphClockCmd                 0x08003df8   Section        0  stm32f10x_rcc.o(i.RCC_APB1PeriphClockCmd)
    i.RCC_APB2PeriphClockCmd                 0x08003e18   Section        0  stm32f10x_rcc.o(i.RCC_APB2PeriphClockCmd)
    i.RCC_APB2PeriphResetCmd                 0x08003e38   Section        0  stm32f10x_rcc.o(i.RCC_APB2PeriphResetCmd)
    i.RCC_Config                             0x08003e58   Section        0  app_hw.o(i.RCC_Config)
    i.RCC_GetClocksFreq                      0x08003e78   Section        0  stm32f10x_rcc.o(i.RCC_GetClocksFreq)
    i.Relay_Set                              0x08003f4c   Section        0  app_hw.o(i.Relay_Set)
    i.SGP30_CRC8                             0x08003f6c   Section        0  app_sensor.o(i.SGP30_CRC8)
    SGP30_CRC8                               0x08003f6d   Thumb Code    58  app_sensor.o(i.SGP30_CRC8)
    i.SGP30_I2C_Delay                        0x08003fa6   Section        0  app_sensor.o(i.SGP30_I2C_Delay)
    SGP30_I2C_Delay                          0x08003fa7   Thumb Code    10  app_sensor.o(i.SGP30_I2C_Delay)
    i.SGP30_I2C_ReadByte                     0x08003fb0   Section        0  app_sensor.o(i.SGP30_I2C_ReadByte)
    SGP30_I2C_ReadByte                       0x08003fb1   Thumb Code   102  app_sensor.o(i.SGP30_I2C_ReadByte)
    i.SGP30_I2C_ReadSDA                      0x08004018   Section        0  app_sensor.o(i.SGP30_I2C_ReadSDA)
    SGP30_I2C_ReadSDA                        0x08004019   Thumb Code    22  app_sensor.o(i.SGP30_I2C_ReadSDA)
    i.SGP30_I2C_SetSCL                       0x08004034   Section        0  app_sensor.o(i.SGP30_I2C_SetSCL)
    SGP30_I2C_SetSCL                         0x08004035   Thumb Code    26  app_sensor.o(i.SGP30_I2C_SetSCL)
    i.SGP30_I2C_SetSDA                       0x08004054   Section        0  app_sensor.o(i.SGP30_I2C_SetSDA)
    SGP30_I2C_SetSDA                         0x08004055   Thumb Code    26  app_sensor.o(i.SGP30_I2C_SetSDA)
    i.SGP30_I2C_Start                        0x08004074   Section        0  app_sensor.o(i.SGP30_I2C_Start)
    SGP30_I2C_Start                          0x08004075   Thumb Code    36  app_sensor.o(i.SGP30_I2C_Start)
    i.SGP30_I2C_Stop                         0x08004098   Section        0  app_sensor.o(i.SGP30_I2C_Stop)
    SGP30_I2C_Stop                           0x08004099   Thumb Code    34  app_sensor.o(i.SGP30_I2C_Stop)
    i.SGP30_I2C_WriteByte                    0x080040ba   Section        0  app_sensor.o(i.SGP30_I2C_WriteByte)
    SGP30_I2C_WriteByte                      0x080040bb   Thumb Code    92  app_sensor.o(i.SGP30_I2C_WriteByte)
    i.SGP30_Init                             0x08004116   Section        0  app_sensor.o(i.SGP30_Init)
    i.SGP30_ReadAir                          0x08004198   Section        0  app_sensor.o(i.SGP30_ReadAir)
    SGP30_ReadAir                            0x08004199   Thumb Code   142  app_sensor.o(i.SGP30_ReadAir)
    i.SGP30_ReadResponse                     0x08004226   Section        0  app_sensor.o(i.SGP30_ReadResponse)
    SGP30_ReadResponse                       0x08004227   Thumb Code    66  app_sensor.o(i.SGP30_ReadResponse)
    i.SGP30_Task_1s                          0x08004268   Section        0  app_sensor.o(i.SGP30_Task_1s)
    i.SGP30_WriteCommand                     0x080042f0   Section        0  app_sensor.o(i.SGP30_WriteCommand)
    SGP30_WriteCommand                       0x080042f1   Thumb Code    64  app_sensor.o(i.SGP30_WriteCommand)
    i.SVC_Handler                            0x08004330   Section        0  stm32f10x_it.o(i.SVC_Handler)
    i.Sensor_Task_2s                         0x08004334   Section        0  app_sensor.o(i.Sensor_Task_2s)
    i.Sensor_Task_500ms                      0x08004390   Section        0  app_sensor.o(i.Sensor_Task_500ms)
    i.SetSysClock                            0x080043e8   Section        0  system_stm32f10x.o(i.SetSysClock)
    SetSysClock                              0x080043e9   Thumb Code     8  system_stm32f10x.o(i.SetSysClock)
    i.SetSysClockTo72                        0x080043f0   Section        0  system_stm32f10x.o(i.SetSysClockTo72)
    SetSysClockTo72                          0x080043f1   Thumb Code   214  system_stm32f10x.o(i.SetSysClockTo72)
    i.SysTick_Handler                        0x080044d0   Section        0  stm32f10x_it.o(i.SysTick_Handler)
    i.SystemInit                             0x080044d4   Section        0  system_stm32f10x.o(i.SystemInit)
    i.USART1_Config                          0x08004534   Section        0  app_hw.o(i.USART1_Config)
    i.USART2_BLE_Config                      0x08004560   Section        0  app_hw.o(i.USART2_BLE_Config)
    i.USART_Cmd                              0x0800458c   Section        0  stm32f10x_usart.o(i.USART_Cmd)
    i.USART_GetFlagStatus                    0x080045a4   Section        0  stm32f10x_usart.o(i.USART_GetFlagStatus)
    i.USART_Init                             0x080045c0   Section        0  stm32f10x_usart.o(i.USART_Init)
    i.USART_ReceiveData                      0x08004698   Section        0  stm32f10x_usart.o(i.USART_ReceiveData)
    i.USART_SendData                         0x080046a2   Section        0  stm32f10x_usart.o(i.USART_SendData)
    i.USART_StructInit                       0x080046aa   Section        0  stm32f10x_usart.o(i.USART_StructInit)
    i.UsageFault_Handler                     0x080046c2   Section        0  stm32f10x_it.o(i.UsageFault_Handler)
    i.__ARM_fpclassify                       0x080046c6   Section        0  fpclassify.o(i.__ARM_fpclassify)
    i._is_digit                              0x080046ee   Section        0  __printf_wp.o(i._is_digit)
    i.main                                   0x080046fc   Section        0  main.o(i.main)
    locale$$code                             0x08004914   Section       44  lc_numeric_c.o(locale$$code)
    locale$$code                             0x08004940   Section       44  lc_ctype_c.o(locale$$code)
    x$fpl$printf1                            0x0800496c   Section        4  printf1.o(x$fpl$printf1)
    x$fpl$printf2                            0x08004970   Section        4  printf2.o(x$fpl$printf2)
    .constdata                               0x08004974   Section     1520  oled.o(.constdata)
    x$fpl$usenofp                            0x08004974   Section        0  usenofp.o(x$fpl$usenofp)
    .constdata                               0x08004f64   Section        8  main.o(.constdata)
    .constdata                               0x08004f6c   Section       32  app_ui.o(.constdata)
    g_key_hw                                 0x08004f6c   Data          32  app_ui.o(.constdata)
    .constdata                               0x08004f8c   Section       17  __printf_flags_ss_wp.o(.constdata)
    maptable                                 0x08004f8c   Data          17  __printf_flags_ss_wp.o(.constdata)
    .constdata                               0x08004fa0   Section        8  _printf_wctomb.o(.constdata)
    initial_mbstate                          0x08004fa0   Data           8  _printf_wctomb.o(.constdata)
    .constdata                               0x08004fa8   Section       40  _printf_hex_int_ll_ptr.o(.constdata)
    uc_hextab                                0x08004fa8   Data          20  _printf_hex_int_ll_ptr.o(.constdata)
    lc_hextab                                0x08004fbc   Data          20  _printf_hex_int_ll_ptr.o(.constdata)
    .constdata                               0x08004fd0   Section       38  _printf_fp_hex.o(.constdata)
    lc_hextab                                0x08004fd0   Data          19  _printf_fp_hex.o(.constdata)
    uc_hextab                                0x08004fe3   Data          19  _printf_fp_hex.o(.constdata)
    .constdata                               0x08004ff8   Section      148  bigflt0.o(.constdata)
    tenpwrs_x                                0x08004ff8   Data          60  bigflt0.o(.constdata)
    tenpwrs_i                                0x08005034   Data          64  bigflt0.o(.constdata)
    .conststring                             0x0800508c   Section      103  app_ble.o(.conststring)
    locale$$data                             0x08005114   Section       28  lc_numeric_c.o(locale$$data)
    __lcnum_c_name                           0x08005118   Data           2  lc_numeric_c.o(locale$$data)
    __lcnum_c_start                          0x08005120   Data           0  lc_numeric_c.o(locale$$data)
    __lcnum_c_point                          0x0800512c   Data           0  lc_numeric_c.o(locale$$data)
    __lcnum_c_thousands                      0x0800512e   Data           0  lc_numeric_c.o(locale$$data)
    __lcnum_c_grouping                       0x0800512f   Data           0  lc_numeric_c.o(locale$$data)
    locale$$data                             0x08005130   Section      272  lc_ctype_c.o(locale$$data)
    __lcnum_c_end                            0x08005130   Data           0  lc_numeric_c.o(locale$$data)
    __lcctype_c_name                         0x08005134   Data           2  lc_ctype_c.o(locale$$data)
    __lcctype_c_start                        0x0800513c   Data           0  lc_ctype_c.o(locale$$data)
    __lcctype_c_end                          0x08005240   Data           0  lc_ctype_c.o(locale$$data)
    .data                                    0x20000000   Section       20  stm32f10x_rcc.o(.data)
    APBAHBPrescTable                         0x20000000   Data          16  stm32f10x_rcc.o(.data)
    ADCPrescTable                            0x20000010   Data           4  stm32f10x_rcc.o(.data)
    .data                                    0x20000014   Section       46  main.o(.data)
    .data                                    0x20000044   Section        8  app_sensor.o(.data)
    idx                                      0x20000044   Data           1  app_sensor.o(.data)
    first                                    0x20000045   Data           1  app_sensor.o(.data)
    sum                                      0x20000048   Data           4  app_sensor.o(.data)
    .data                                    0x2000004c   Section        4  strtok.o(.data)
    _strtok_saves1                           0x2000004c   Data           4  strtok.o(.data)
    .bss                                     0x20000050   Section      620  main.o(.bss)
    .bss                                     0x200002bc   Section       20  app_sensor.o(.bss)
    buf                                      0x200002bc   Data          20  app_sensor.o(.bss)
    .bss                                     0x200002d0   Section       96  libspace.o(.bss)
    HEAP                                     0x20000330   Section      512  startup_stm32f10x_md.o(HEAP)
    Heap_Mem                                 0x20000330   Data         512  startup_stm32f10x_md.o(HEAP)
    STACK                                    0x20000530   Section     1024  startup_stm32f10x_md.o(STACK)
    Stack_Mem                                0x20000530   Data        1024  startup_stm32f10x_md.o(STACK)
    __initial_sp                             0x20000930   Data           0  startup_stm32f10x_md.o(STACK)

    Global Symbols

    Symbol Name                              Value     Ov Type        Size  Object(Section)

    BuildAttributes$$THM_ISAv4$P$D$K$B$S$PE$A:L22UL41UL21$X:L11$S22US41US21$IEEE1$IW$USESV6$~STKCKD$USESV7$~SHL$OTIME$ROPI$IEEEJ$EBA8$UX$STANDARDLIB$REQ8$PRES8$EABIv2 0x00000000   Number         0  anon$$obj.o ABSOLUTE
    __ARM_use_no_argv                        0x00000000   Number         0  main.o ABSOLUTE
    _printf_flags                            0x00000000   Number         0  printf_stubs.o ABSOLUTE
    _printf_return_value                     0x00000000   Number         0  printf_stubs.o ABSOLUTE
    _printf_sizespec                         0x00000000   Number         0  printf_stubs.o ABSOLUTE
    _printf_widthprec                        0x00000000   Number         0  printf_stubs.o ABSOLUTE
    __ARM_exceptions_init                     - Undefined Weak Reference
    __alloca_initialize                       - Undefined Weak Reference
    __arm_preinit_                            - Undefined Weak Reference
    __cpp_initialize__aeabi_                  - Undefined Weak Reference
    __cxa_finalize                            - Undefined Weak Reference
    __sigvec_lookup                           - Undefined Weak Reference
    _atexit_init                              - Undefined Weak Reference
    _call_atexit_fns                          - Undefined Weak Reference
    _clock_init                               - Undefined Weak Reference
    _fp_trap_init                             - Undefined Weak Reference
    _fp_trap_shutdown                         - Undefined Weak Reference
    _get_lc_collate                           - Undefined Weak Reference
    _get_lc_monetary                          - Undefined Weak Reference
    _get_lc_time                              - Undefined Weak Reference
    _getenv_init                              - Undefined Weak Reference
    _handle_redirection                       - Undefined Weak Reference
    _init_alloc                               - Undefined Weak Reference
    _init_user_alloc                          - Undefined Weak Reference
    _initio                                   - Undefined Weak Reference
    _printf_mbtowc                            - Undefined Weak Reference
    _printf_wc                                - Undefined Weak Reference
    _rand_init                                - Undefined Weak Reference
    _signal_finish                            - Undefined Weak Reference
    _signal_init                              - Undefined Weak Reference
    _terminate_alloc                          - Undefined Weak Reference
    _terminate_user_alloc                     - Undefined Weak Reference
    _terminateio                              - Undefined Weak Reference
    __Vectors_Size                           0x000000ec   Number         0  startup_stm32f10x_md.o ABSOLUTE
    __Vectors                                0x08000000   Data           4  startup_stm32f10x_md.o(RESET)
    __Vectors_End                            0x080000ec   Data           0  startup_stm32f10x_md.o(RESET)
    __main                                   0x080000ed   Thumb Code     8  __main.o(!!!main)
    __scatterload                            0x080000f5   Thumb Code     0  __scatter.o(!!!scatter)
    __scatterload_rt2                        0x080000f5   Thumb Code    44  __scatter.o(!!!scatter)
    __scatterload_rt2_thumb_only             0x080000f5   Thumb Code     0  __scatter.o(!!!scatter)
    __scatterload_null                       0x08000103   Thumb Code     0  __scatter.o(!!!scatter)
    __scatterload_copy                       0x08000129   Thumb Code    26  __scatter_copy.o(!!handler_copy)
    __scatterload_zeroinit                   0x08000145   Thumb Code    28  __scatter_zi.o(!!handler_zi)
    _printf_n                                0x08000161   Thumb Code     0  _printf_n.o(.ARM.Collect$$_printf_percent$$00000001)
    _printf_percent                          0x08000161   Thumb Code     0  _printf_percent.o(.ARM.Collect$$_printf_percent$$00000000)
    _printf_p                                0x08000167   Thumb Code     0  _printf_p.o(.ARM.Collect$$_printf_percent$$00000002)
    _printf_f                                0x0800016d   Thumb Code     0  _printf_f.o(.ARM.Collect$$_printf_percent$$00000003)
    _printf_e                                0x08000173   Thumb Code     0  _printf_e.o(.ARM.Collect$$_printf_percent$$00000004)
    _printf_g                                0x08000179   Thumb Code     0  _printf_g.o(.ARM.Collect$$_printf_percent$$00000005)
    _printf_a                                0x0800017f   Thumb Code     0  _printf_a.o(.ARM.Collect$$_printf_percent$$00000006)
    _printf_ll                               0x08000185   Thumb Code     0  _printf_ll.o(.ARM.Collect$$_printf_percent$$00000007)
    _printf_i                                0x0800018f   Thumb Code     0  _printf_i.o(.ARM.Collect$$_printf_percent$$00000008)
    _printf_d                                0x08000195   Thumb Code     0  _printf_d.o(.ARM.Collect$$_printf_percent$$00000009)
    _printf_u                                0x0800019b   Thumb Code     0  _printf_u.o(.ARM.Collect$$_printf_percent$$0000000A)
    _printf_o                                0x080001a1   Thumb Code     0  _printf_o.o(.ARM.Collect$$_printf_percent$$0000000B)
    _printf_x                                0x080001a7   Thumb Code     0  _printf_x.o(.ARM.Collect$$_printf_percent$$0000000C)
    _printf_lli                              0x080001ad   Thumb Code     0  _printf_lli.o(.ARM.Collect$$_printf_percent$$0000000D)
    _printf_lld                              0x080001b3   Thumb Code     0  _printf_lld.o(.ARM.Collect$$_printf_percent$$0000000E)
    _printf_llu                              0x080001b9   Thumb Code     0  _printf_llu.o(.ARM.Collect$$_printf_percent$$0000000F)
    _printf_llo                              0x080001bf   Thumb Code     0  _printf_llo.o(.ARM.Collect$$_printf_percent$$00000010)
    _printf_llx                              0x080001c5   Thumb Code     0  _printf_llx.o(.ARM.Collect$$_printf_percent$$00000011)
    _printf_l                                0x080001cb   Thumb Code     0  _printf_l.o(.ARM.Collect$$_printf_percent$$00000012)
    _printf_c                                0x080001d5   Thumb Code     0  _printf_c.o(.ARM.Collect$$_printf_percent$$00000013)
    _printf_s                                0x080001db   Thumb Code     0  _printf_s.o(.ARM.Collect$$_printf_percent$$00000014)
    _printf_lc                               0x080001e1   Thumb Code     0  _printf_lc.o(.ARM.Collect$$_printf_percent$$00000015)
    _printf_ls                               0x080001e7   Thumb Code     0  _printf_ls.o(.ARM.Collect$$_printf_percent$$00000016)
    _printf_percent_end                      0x080001ed   Thumb Code     0  _printf_percent_end.o(.ARM.Collect$$_printf_percent$$00000017)
    __rt_lib_init                            0x080001f1   Thumb Code     0  libinit.o(.ARM.Collect$$libinit$$00000000)
    __rt_lib_init_fp_1                       0x080001f3   Thumb Code     0  libinit2.o(.ARM.Collect$$libinit$$00000002)
    __rt_lib_init_heap_1                     0x080001f3   Thumb Code     0  libinit2.o(.ARM.Collect$$libinit$$0000000A)
    __rt_lib_init_lc_common                  0x080001f3   Thumb Code     0  libinit2.o(.ARM.Collect$$libinit$$0000000F)
    __rt_lib_init_preinit_1                  0x080001f3   Thumb Code     0  libinit2.o(.ARM.Collect$$libinit$$00000004)
    __rt_lib_init_rand_1                     0x080001f3   Thumb Code     0  libinit2.o(.ARM.Collect$$libinit$$0000000E)
    __rt_lib_init_user_alloc_1               0x080001f3   Thumb Code     0  libinit2.o(.ARM.Collect$$libinit$$0000000C)
    __rt_lib_init_lc_collate_1               0x080001f9   Thumb Code     0  libinit2.o(.ARM.Collect$$libinit$$00000011)
    __rt_lib_init_lc_ctype_2                 0x080001f9   Thumb Code     0  libinit2.o(.ARM.Collect$$libinit$$00000012)
    __rt_lib_init_lc_ctype_1                 0x08000205   Thumb Code     0  libinit2.o(.ARM.Collect$$libinit$$00000013)
    __rt_lib_init_lc_monetary_1              0x08000205   Thumb Code     0  libinit2.o(.ARM.Collect$$libinit$$00000015)
    __rt_lib_init_lc_numeric_2               0x08000205   Thumb Code     0  libinit2.o(.ARM.Collect$$libinit$$00000016)
    __rt_lib_init_alloca_1                   0x0800020f   Thumb Code     0  libinit2.o(.ARM.Collect$$libinit$$0000002E)
    __rt_lib_init_argv_1                     0x0800020f   Thumb Code     0  libinit2.o(.ARM.Collect$$libinit$$0000002C)
    __rt_lib_init_atexit_1                   0x0800020f   Thumb Code     0  libinit2.o(.ARM.Collect$$libinit$$0000001B)
    __rt_lib_init_clock_1                    0x0800020f   Thumb Code     0  libinit2.o(.ARM.Collect$$libinit$$00000021)
    __rt_lib_init_cpp_1                      0x0800020f   Thumb Code     0  libinit2.o(.ARM.Collect$$libinit$$00000032)
    __rt_lib_init_exceptions_1               0x0800020f   Thumb Code     0  libinit2.o(.ARM.Collect$$libinit$$00000030)
    __rt_lib_init_fp_trap_1                  0x0800020f   Thumb Code     0  libinit2.o(.ARM.Collect$$libinit$$0000001F)
    __rt_lib_init_getenv_1                   0x0800020f   Thumb Code     0  libinit2.o(.ARM.Collect$$libinit$$00000023)
    __rt_lib_init_lc_numeric_1               0x0800020f   Thumb Code     0  libinit2.o(.ARM.Collect$$libinit$$00000017)
    __rt_lib_init_lc_time_1                  0x0800020f   Thumb Code     0  libinit2.o(.ARM.Collect$$libinit$$00000019)
    __rt_lib_init_return                     0x0800020f   Thumb Code     0  libinit2.o(.ARM.Collect$$libinit$$00000033)
    __rt_lib_init_signal_1                   0x0800020f   Thumb Code     0  libinit2.o(.ARM.Collect$$libinit$$0000001D)
    __rt_lib_init_stdio_1                    0x0800020f   Thumb Code     0  libinit2.o(.ARM.Collect$$libinit$$00000025)
    __rt_lib_shutdown                        0x08000211   Thumb Code     0  libshutdown.o(.ARM.Collect$$libshutdown$$00000000)
    __rt_lib_shutdown_cpp_1                  0x08000213   Thumb Code     0  libshutdown2.o(.ARM.Collect$$libshutdown$$00000002)
    __rt_lib_shutdown_fp_trap_1              0x08000213   Thumb Code     0  libshutdown2.o(.ARM.Collect$$libshutdown$$00000007)
    __rt_lib_shutdown_heap_1                 0x08000213   Thumb Code     0  libshutdown2.o(.ARM.Collect$$libshutdown$$0000000F)
    __rt_lib_shutdown_return                 0x08000213   Thumb Code     0  libshutdown2.o(.ARM.Collect$$libshutdown$$00000010)
    __rt_lib_shutdown_signal_1               0x08000213   Thumb Code     0  libshutdown2.o(.ARM.Collect$$libshutdown$$0000000A)
    __rt_lib_shutdown_stdio_1                0x08000213   Thumb Code     0  libshutdown2.o(.ARM.Collect$$libshutdown$$00000004)
    __rt_lib_shutdown_user_alloc_1           0x08000213   Thumb Code     0  libshutdown2.o(.ARM.Collect$$libshutdown$$0000000C)
    __rt_entry                               0x08000215   Thumb Code     0  __rtentry.o(.ARM.Collect$$rtentry$$00000000)
    __rt_entry_presh_1                       0x08000215   Thumb Code     0  __rtentry2.o(.ARM.Collect$$rtentry$$00000002)
    __rt_entry_sh                            0x08000215   Thumb Code     0  __rtentry4.o(.ARM.Collect$$rtentry$$00000004)
    __rt_entry_li                            0x0800021b   Thumb Code     0  __rtentry2.o(.ARM.Collect$$rtentry$$0000000A)
    __rt_entry_postsh_1                      0x0800021b   Thumb Code     0  __rtentry2.o(.ARM.Collect$$rtentry$$00000009)
    __rt_entry_main                          0x0800021f   Thumb Code     0  __rtentry2.o(.ARM.Collect$$rtentry$$0000000D)
    __rt_entry_postli_1                      0x0800021f   Thumb Code     0  __rtentry2.o(.ARM.Collect$$rtentry$$0000000C)
    __rt_exit                                0x08000227   Thumb Code     0  rtexit.o(.ARM.Collect$$rtexit$$00000000)
    __rt_exit_ls                             0x08000229   Thumb Code     0  rtexit2.o(.ARM.Collect$$rtexit$$00000003)
    __rt_exit_prels_1                        0x08000229   Thumb Code     0  rtexit2.o(.ARM.Collect$$rtexit$$00000002)
    __rt_exit_exit                           0x0800022d   Thumb Code     0  rtexit2.o(.ARM.Collect$$rtexit$$00000004)
    Reset_Handler                            0x08000235   Thumb Code     8  startup_stm32f10x_md.o(.text)
    ADC1_2_IRQHandler                        0x0800024f   Thumb Code     0  startup_stm32f10x_md.o(.text)
    CAN1_RX1_IRQHandler                      0x0800024f   Thumb Code     0  startup_stm32f10x_md.o(.text)
    CAN1_SCE_IRQHandler                      0x0800024f   Thumb Code     0  startup_stm32f10x_md.o(.text)
    DMA1_Channel1_IRQHandler                 0x0800024f   Thumb Code     0  startup_stm32f10x_md.o(.text)
    DMA1_Channel2_IRQHandler                 0x0800024f   Thumb Code     0  startup_stm32f10x_md.o(.text)
    DMA1_Channel3_IRQHandler                 0x0800024f   Thumb Code     0  startup_stm32f10x_md.o(.text)
    DMA1_Channel4_IRQHandler                 0x0800024f   Thumb Code     0  startup_stm32f10x_md.o(.text)
    DMA1_Channel5_IRQHandler                 0x0800024f   Thumb Code     0  startup_stm32f10x_md.o(.text)
    DMA1_Channel6_IRQHandler                 0x0800024f   Thumb Code     0  startup_stm32f10x_md.o(.text)
    DMA1_Channel7_IRQHandler                 0x0800024f   Thumb Code     0  startup_stm32f10x_md.o(.text)
    EXTI0_IRQHandler                         0x0800024f   Thumb Code     0  startup_stm32f10x_md.o(.text)
    EXTI15_10_IRQHandler                     0x0800024f   Thumb Code     0  startup_stm32f10x_md.o(.text)
    EXTI1_IRQHandler                         0x0800024f   Thumb Code     0  startup_stm32f10x_md.o(.text)
    EXTI2_IRQHandler                         0x0800024f   Thumb Code     0  startup_stm32f10x_md.o(.text)
    EXTI3_IRQHandler                         0x0800024f   Thumb Code     0  startup_stm32f10x_md.o(.text)
    EXTI4_IRQHandler                         0x0800024f   Thumb Code     0  startup_stm32f10x_md.o(.text)
    EXTI9_5_IRQHandler                       0x0800024f   Thumb Code     0  startup_stm32f10x_md.o(.text)
    FLASH_IRQHandler                         0x0800024f   Thumb Code     0  startup_stm32f10x_md.o(.text)
    I2C1_ER_IRQHandler                       0x0800024f   Thumb Code     0  startup_stm32f10x_md.o(.text)
    I2C1_EV_IRQHandler                       0x0800024f   Thumb Code     0  startup_stm32f10x_md.o(.text)
    I2C2_ER_IRQHandler                       0x0800024f   Thumb Code     0  startup_stm32f10x_md.o(.text)
    I2C2_EV_IRQHandler                       0x0800024f   Thumb Code     0  startup_stm32f10x_md.o(.text)
    PVD_IRQHandler                           0x0800024f   Thumb Code     0  startup_stm32f10x_md.o(.text)
    RCC_IRQHandler                           0x0800024f   Thumb Code     0  startup_stm32f10x_md.o(.text)
    RTCAlarm_IRQHandler                      0x0800024f   Thumb Code     0  startup_stm32f10x_md.o(.text)
    RTC_IRQHandler                           0x0800024f   Thumb Code     0  startup_stm32f10x_md.o(.text)
    SPI1_IRQHandler                          0x0800024f   Thumb Code     0  startup_stm32f10x_md.o(.text)
    SPI2_IRQHandler                          0x0800024f   Thumb Code     0  startup_stm32f10x_md.o(.text)
    TAMPER_IRQHandler                        0x0800024f   Thumb Code     0  startup_stm32f10x_md.o(.text)
    TIM1_BRK_IRQHandler                      0x0800024f   Thumb Code     0  startup_stm32f10x_md.o(.text)
    TIM1_CC_IRQHandler                       0x0800024f   Thumb Code     0  startup_stm32f10x_md.o(.text)
    TIM1_TRG_COM_IRQHandler                  0x0800024f   Thumb Code     0  startup_stm32f10x_md.o(.text)
    TIM1_UP_IRQHandler                       0x0800024f   Thumb Code     0  startup_stm32f10x_md.o(.text)
    TIM2_IRQHandler                          0x0800024f   Thumb Code     0  startup_stm32f10x_md.o(.text)
    TIM3_IRQHandler                          0x0800024f   Thumb Code     0  startup_stm32f10x_md.o(.text)
    TIM4_IRQHandler                          0x0800024f   Thumb Code     0  startup_stm32f10x_md.o(.text)
    USART1_IRQHandler                        0x0800024f   Thumb Code     0  startup_stm32f10x_md.o(.text)
    USART2_IRQHandler                        0x0800024f   Thumb Code     0  startup_stm32f10x_md.o(.text)
    USART3_IRQHandler                        0x0800024f   Thumb Code     0  startup_stm32f10x_md.o(.text)
    USBWakeUp_IRQHandler                     0x0800024f   Thumb Code     0  startup_stm32f10x_md.o(.text)
    USB_HP_CAN1_TX_IRQHandler                0x0800024f   Thumb Code     0  startup_stm32f10x_md.o(.text)
    USB_LP_CAN1_RX0_IRQHandler               0x0800024f   Thumb Code     0  startup_stm32f10x_md.o(.text)
    WWDG_IRQHandler                          0x0800024f   Thumb Code     0  startup_stm32f10x_md.o(.text)
    __user_initial_stackheap                 0x08000251   Thumb Code     0  startup_stm32f10x_md.o(.text)
    vsnprintf                                0x08000275   Thumb Code    48  vsnprintf.o(.text)
    __2sprintf                               0x080002a9   Thumb Code    38  __2sprintf.o(.text)
    _printf_pre_padding                      0x080002d5   Thumb Code    44  _printf_pad.o(.text)
    _printf_post_padding                     0x08000301   Thumb Code    34  _printf_pad.o(.text)
    _printf_str                              0x08000323   Thumb Code    82  _printf_str.o(.text)
    _printf_int_dec                          0x08000375   Thumb Code   104  _printf_dec.o(.text)
    __printf                                 0x080003ed   Thumb Code   388  __printf_flags_ss_wp.o(.text)
    strtok                                   0x08000575   Thumb Code     6  strtok.o(.text)
    __aeabi_memclr                           0x08000581   Thumb Code     0  rt_memclr.o(.text)
    __rt_memclr                              0x08000581   Thumb Code    68  rt_memclr.o(.text)
    _memset                                  0x08000585   Thumb Code     0  rt_memclr.o(.text)
    __aeabi_memclr4                          0x080005c5   Thumb Code     0  rt_memclr_w.o(.text)
    __aeabi_memclr8                          0x080005c5   Thumb Code     0  rt_memclr_w.o(.text)
    __rt_memclr_w                            0x080005c5   Thumb Code    78  rt_memclr_w.o(.text)
    _memset_w                                0x080005c9   Thumb Code     0  rt_memclr_w.o(.text)
    strcmp                                   0x08000615   Thumb Code   128  strcmpv7m.o(.text)
    __use_two_region_memory                  0x08000695   Thumb Code     2  heapauxi.o(.text)
    __rt_heap_escrow$2region                 0x08000697   Thumb Code     2  heapauxi.o(.text)
    __rt_heap_expand$2region                 0x08000699   Thumb Code     2  heapauxi.o(.text)
    _printf_truncate_signed                  0x0800069b   Thumb Code    18  _printf_truncate.o(.text)
    _printf_truncate_unsigned                0x080006ad   Thumb Code    18  _printf_truncate.o(.text)
    _printf_int_common                       0x080006bf   Thumb Code   178  _printf_intcommon.o(.text)
    _printf_charcount                        0x08000771   Thumb Code    40  _printf_charcount.o(.text)
    _printf_char_common                      0x080007a3   Thumb Code    32  _printf_char_common.o(.text)
    _sputc                                   0x080007c9   Thumb Code    10  _sputc.o(.text)
    _snputc                                  0x080007d3   Thumb Code    16  _snputc.o(.text)
    _printf_cs_common                        0x080007e3   Thumb Code    20  _printf_char.o(.text)
    _printf_char                             0x080007f7   Thumb Code    16  _printf_char.o(.text)
    _printf_string                           0x08000807   Thumb Code     8  _printf_char.o(.text)
    _printf_wctomb                           0x08000811   Thumb Code   182  _printf_wctomb.o(.text)
    _printf_longlong_dec                     0x080008cd   Thumb Code   108  _printf_longlong_dec.o(.text)
    _printf_longlong_oct                     0x08000949   Thumb Code    66  _printf_oct_int_ll.o(.text)
    _printf_int_oct                          0x0800098b   Thumb Code    24  _printf_oct_int_ll.o(.text)
    _printf_ll_oct                           0x080009a3   Thumb Code    12  _printf_oct_int_ll.o(.text)
    _printf_longlong_hex                     0x080009b9   Thumb Code    86  _printf_hex_int_ll_ptr.o(.text)
    _printf_int_hex                          0x08000a0f   Thumb Code    28  _printf_hex_int_ll_ptr.o(.text)
    _printf_ll_hex                           0x08000a2b   Thumb Code    12  _printf_hex_int_ll_ptr.o(.text)
    _printf_hex_ptr                          0x08000a37   Thumb Code    18  _printf_hex_int_ll_ptr.o(.text)
    __strtok_internal                        0x08000a4d   Thumb Code    64  strtok_int.o(.text)
    _ll_udiv10                               0x08000a91   Thumb Code   138  lludiv10.o(.text)
    __lib_sel_fp_printf                      0x08000b1b   Thumb Code     2  _printf_fp_dec.o(.text)
    _printf_fp_dec_real                      0x08000ccd   Thumb Code   620  _printf_fp_dec.o(.text)
    _printf_fp_hex_real                      0x08000f39   Thumb Code   756  _printf_fp_hex.o(.text)
    _printf_lcs_common                       0x08001235   Thumb Code    20  _printf_wchar.o(.text)
    _printf_wchar                            0x08001249   Thumb Code    16  _printf_wchar.o(.text)
    _printf_wstring                          0x08001259   Thumb Code     8  _printf_wchar.o(.text)
    _wcrtomb                                 0x08001261   Thumb Code    64  _wcrtomb.o(.text)
    strcspn                                  0x080012a1   Thumb Code    32  strcspn.o(.text)
    strspn                                   0x080012c1   Thumb Code    28  strspn.o(.text)
    __user_setup_stackheap                   0x080012dd   Thumb Code    74  sys_stackheap_outer.o(.text)
    __rt_ctype_table                         0x08001329   Thumb Code    16  rt_ctype_table.o(.text)
    __rt_locale                              0x08001339   Thumb Code     8  rt_locale_intlibspace.o(.text)
    _printf_fp_infnan                        0x08001341   Thumb Code   112  _printf_fp_infnan.o(.text)
    _btod_etento                             0x080013c1   Thumb Code   224  bigflt0.o(.text)
    exit                                     0x080014a5   Thumb Code    18  exit.o(.text)
    __user_libspace                          0x080014b9   Thumb Code     8  libspace.o(.text)
    __user_perproc_libspace                  0x080014b9   Thumb Code     0  libspace.o(.text)
    __user_perthread_libspace                0x080014b9   Thumb Code     0  libspace.o(.text)
    _sys_exit                                0x080014c1   Thumb Code     8  sys_exit.o(.text)
    __I$use$semihosting                      0x080014cd   Thumb Code     0  use_no_semi.o(.text)
    __use_no_semihosting_swi                 0x080014cd   Thumb Code     2  use_no_semi.o(.text)
    __semihosting_library_function           0x080014cf   Thumb Code     0  indicate_semi.o(.text)
    _btod_d2e                                0x080014cf   Thumb Code    62  btod.o(CL$$btod_d2e)
    _d2e_denorm_low                          0x0800150d   Thumb Code    70  btod.o(CL$$btod_d2e_denorm_low)
    _d2e_norm_op1                            0x08001553   Thumb Code    96  btod.o(CL$$btod_d2e_norm_op1)
    __btod_div_common                        0x080015b3   Thumb Code   696  btod.o(CL$$btod_div_common)
    _e2e                                     0x080018eb   Thumb Code   220  btod.o(CL$$btod_e2e)
    _btod_ediv                               0x080019c7   Thumb Code    42  btod.o(CL$$btod_ediv)
    _btod_emul                               0x080019f1   Thumb Code    42  btod.o(CL$$btod_emul)
    __btod_mult_common                       0x08001a1b   Thumb Code   580  btod.o(CL$$btod_mult_common)
    ADC_Cmd                                  0x08001c5f   Thumb Code    22  stm32f10x_adc.o(i.ADC_Cmd)
    ADC_Config                               0x08001c75   Thumb Code   100  app_hw.o(i.ADC_Config)
    ADC_DeInit                               0x08001cdd   Thumb Code    78  stm32f10x_adc.o(i.ADC_DeInit)
    ADC_GetCalibrationStatus                 0x08001d39   Thumb Code    20  stm32f10x_adc.o(i.ADC_GetCalibrationStatus)
    ADC_GetConversionValue                   0x08001d4d   Thumb Code     8  stm32f10x_adc.o(i.ADC_GetConversionValue)
    ADC_GetFlagStatus                        0x08001d55   Thumb Code    18  stm32f10x_adc.o(i.ADC_GetFlagStatus)
    ADC_GetResetCalibrationStatus            0x08001d67   Thumb Code    20  stm32f10x_adc.o(i.ADC_GetResetCalibrationStatus)
    ADC_Init                                 0x08001d7d   Thumb Code    70  stm32f10x_adc.o(i.ADC_Init)
    ADC_RegularChannelConfig                 0x08001e01   Thumb Code   184  stm32f10x_adc.o(i.ADC_RegularChannelConfig)
    ADC_ResetCalibration                     0x08001eb9   Thumb Code    10  stm32f10x_adc.o(i.ADC_ResetCalibration)
    ADC_SoftwareStartConvCmd                 0x08001ec3   Thumb Code    22  stm32f10x_adc.o(i.ADC_SoftwareStartConvCmd)
    ADC_StartCalibration                     0x08001ed9   Thumb Code    10  stm32f10x_adc.o(i.ADC_StartCalibration)
    ADC_StructInit                           0x08001ee3   Thumb Code    18  stm32f10x_adc.o(i.ADC_StructInit)
    AQ_UpdateAndJudge                        0x08001f55   Thumb Code   528  app_sensor.o(i.AQ_UpdateAndJudge)
    App_DefaultParams                        0x08002215   Thumb Code    20  app_params.o(i.App_DefaultParams)
    App_LoadParams                           0x08002235   Thumb Code    88  app_params.o(i.App_LoadParams)
    App_SaveParams                           0x0800229d   Thumb Code   144  app_params.o(i.App_SaveParams)
    AvgFilter_Reset                          0x0800233d   Thumb Code    14  app_sensor.o(i.AvgFilter_Reset)
    AvgFilter_Update                         0x0800234b   Thumb Code   104  app_sensor.o(i.AvgFilter_Update)
    BLE_CheckAlarmEdge                       0x080023b5   Thumb Code    32  app_ble.o(i.BLE_CheckAlarmEdge)
    BLE_PollRx                               0x080024b9   Thumb Code   108  app_ble.o(i.BLE_PollRx)
    BLE_ReportConfig                         0x080029bd   Thumb Code    30  app_ble.o(i.BLE_ReportConfig)
    BLE_ReportData                           0x08002a21   Thumb Code    90  app_ble.o(i.BLE_ReportData)
    BLE_SendString                           0x08002b91   Thumb Code    22  app_ble.o(i.BLE_SendString)
    BusFault_Handler                         0x08002bcd   Thumb Code     4  stm32f10x_it.o(i.BusFault_Handler)
    Buzzer_Set                               0x08002bd1   Thumb Code    26  app_hw.o(i.Buzzer_Set)
    Control_Task10ms                         0x08002bf1   Thumb Code   166  app_control.o(i.Control_Task10ms)
    DebugMon_Handler                         0x08002ecd   Thumb Code     2  stm32f10x_it.o(i.DebugMon_Handler)
    Delay_ms                                 0x08002ecf   Thumb Code    24  delay.o(i.Delay_ms)
    Delay_us                                 0x08002ee7   Thumb Code    46  delay.o(i.Delay_us)
    Display_Task                             0x08002f15   Thumb Code   456  app_ui.o(i.Display_Task)
    DustLed_Set                              0x08003219   Thumb Code    24  app_hw.o(i.DustLed_Set)
    Event_Pop                                0x08003371   Thumb Code    48  app_ui.o(i.Event_Pop)
    FLASH_ClearFlag                          0x080033e5   Thumb Code     6  stm32f10x_flash.o(i.FLASH_ClearFlag)
    FLASH_ErasePage                          0x080033f1   Thumb Code    72  stm32f10x_flash.o(i.FLASH_ErasePage)
    FLASH_GetBank1Status                     0x0800343d   Thumb Code    48  stm32f10x_flash.o(i.FLASH_GetBank1Status)
    FLASH_Lock                               0x08003471   Thumb Code    14  stm32f10x_flash.o(i.FLASH_Lock)
    FLASH_ProgramHalfWord                    0x08003485   Thumb Code    60  stm32f10x_flash.o(i.FLASH_ProgramHalfWord)
    FLASH_Unlock                             0x080034c5   Thumb Code    12  stm32f10x_flash.o(i.FLASH_Unlock)
    FLASH_WaitForLastOperation               0x080034dd   Thumb Code    38  stm32f10x_flash.o(i.FLASH_WaitForLastOperation)
    GPIO_Config                              0x08003505   Thumb Code   266  app_hw.o(i.GPIO_Config)
    GPIO_Init                                0x08003619   Thumb Code   278  stm32f10x_gpio.o(i.GPIO_Init)
    GPIO_ReadInputDataBit                    0x0800372f   Thumb Code    18  stm32f10x_gpio.o(i.GPIO_ReadInputDataBit)
    GPIO_ResetBits                           0x08003741   Thumb Code     4  stm32f10x_gpio.o(i.GPIO_ResetBits)
    GPIO_SetBits                             0x08003745   Thumb Code     4  stm32f10x_gpio.o(i.GPIO_SetBits)
    GPIO_StructInit                          0x08003749   Thumb Code    16  stm32f10x_gpio.o(i.GPIO_StructInit)
    GPIO_WriteBit                            0x08003759   Thumb Code    10  stm32f10x_gpio.o(i.GPIO_WriteBit)
    HandleKeyEvent                           0x08003765   Thumb Code   274  app_ui.o(i.HandleKeyEvent)
    HardFault_Handler                        0x08003895   Thumb Code     4  stm32f10x_it.o(i.HardFault_Handler)
    Keys_Scan10ms                            0x080038bd   Thumb Code   244  app_ui.o(i.Keys_Scan10ms)
    LimitStep                                0x080039b5   Thumb Code    40  app_sensor.o(i.LimitStep)
    MemManage_Handler                        0x08003a61   Thumb Code     4  stm32f10x_it.o(i.MemManage_Handler)
    NMI_Handler                              0x08003a65   Thumb Code     2  stm32f10x_it.o(i.NMI_Handler)
    OLED_Clear                               0x08003a67   Thumb Code    42  oled.o(i.OLED_Clear)
    OLED_I2C_Init                            0x08003a91   Thumb Code    72  oled.o(i.OLED_I2C_Init)
    OLED_I2C_SendByte                        0x08003add   Thumb Code    74  oled.o(i.OLED_I2C_SendByte)
    OLED_I2C_Start                           0x08003b2d   Thumb Code    44  oled.o(i.OLED_I2C_Start)
    OLED_I2C_Stop                            0x08003b5d   Thumb Code    34  oled.o(i.OLED_I2C_Stop)
    OLED_Init                                0x08003b85   Thumb Code   174  oled.o(i.OLED_Init)
    OLED_SetCursor                           0x08003c79   Thumb Code    34  oled.o(i.OLED_SetCursor)
    OLED_ShowChar                            0x08003c9d   Thumb Code   110  oled.o(i.OLED_ShowChar)
    OLED_ShowString                          0x08003d11   Thumb Code    40  oled.o(i.OLED_ShowString)
    OLED_WriteCommand                        0x08003d39   Thumb Code    32  oled.o(i.OLED_WriteCommand)
    OLED_WriteData                           0x08003d59   Thumb Code    32  oled.o(i.OLED_WriteData)
    PendSV_Handler                           0x08003ddd   Thumb Code     2  stm32f10x_it.o(i.PendSV_Handler)
    RCC_ADCCLKConfig                         0x08003de1   Thumb Code    18  stm32f10x_rcc.o(i.RCC_ADCCLKConfig)
    RCC_APB1PeriphClockCmd                   0x08003df9   Thumb Code    26  stm32f10x_rcc.o(i.RCC_APB1PeriphClockCmd)
    RCC_APB2PeriphClockCmd                   0x08003e19   Thumb Code    26  stm32f10x_rcc.o(i.RCC_APB2PeriphClockCmd)
    RCC_APB2PeriphResetCmd                   0x08003e39   Thumb Code    26  stm32f10x_rcc.o(i.RCC_APB2PeriphResetCmd)
    RCC_Config                               0x08003e59   Thumb Code    30  app_hw.o(i.RCC_Config)
    RCC_GetClocksFreq                        0x08003e79   Thumb Code   192  stm32f10x_rcc.o(i.RCC_GetClocksFreq)
    Relay_Set                                0x08003f4d   Thumb Code    26  app_hw.o(i.Relay_Set)
    SGP30_Init                               0x08004117   Thumb Code   130  app_sensor.o(i.SGP30_Init)
    SGP30_Task_1s                            0x08004269   Thumb Code   116  app_sensor.o(i.SGP30_Task_1s)
    SVC_Handler                              0x08004331   Thumb Code     2  stm32f10x_it.o(i.SVC_Handler)
    Sensor_Task_2s                           0x08004335   Thumb Code    80  app_sensor.o(i.Sensor_Task_2s)
    Sensor_Task_500ms                        0x08004391   Thumb Code    74  app_sensor.o(i.Sensor_Task_500ms)
    SysTick_Handler                          0x080044d1   Thumb Code     2  stm32f10x_it.o(i.SysTick_Handler)
    SystemInit                               0x080044d5   Thumb Code    78  system_stm32f10x.o(i.SystemInit)
    USART1_Config                            0x08004535   Thumb Code    38  app_hw.o(i.USART1_Config)
    USART2_BLE_Config                        0x08004561   Thumb Code    38  app_hw.o(i.USART2_BLE_Config)
    USART_Cmd                                0x0800458d   Thumb Code    24  stm32f10x_usart.o(i.USART_Cmd)
    USART_GetFlagStatus                      0x080045a5   Thumb Code    26  stm32f10x_usart.o(i.USART_GetFlagStatus)
    USART_Init                               0x080045c1   Thumb Code   210  stm32f10x_usart.o(i.USART_Init)
    USART_ReceiveData                        0x08004699   Thumb Code    10  stm32f10x_usart.o(i.USART_ReceiveData)
    USART_SendData                           0x080046a3   Thumb Code     8  stm32f10x_usart.o(i.USART_SendData)
    USART_StructInit                         0x080046ab   Thumb Code    24  stm32f10x_usart.o(i.USART_StructInit)
    UsageFault_Handler                       0x080046c3   Thumb Code     4  stm32f10x_it.o(i.UsageFault_Handler)
    __ARM_fpclassify                         0x080046c7   Thumb Code    40  fpclassify.o(i.__ARM_fpclassify)
    _is_digit                                0x080046ef   Thumb Code    14  __printf_wp.o(i._is_digit)
    main                                     0x080046fd   Thumb Code   380  main.o(i.main)
    _get_lc_numeric                          0x08004915   Thumb Code    44  lc_numeric_c.o(locale$$code)
    _get_lc_ctype                            0x08004941   Thumb Code    44  lc_ctype_c.o(locale$$code)
    _printf_fp_dec                           0x0800496d   Thumb Code     4  printf1.o(x$fpl$printf1)
    _printf_fp_hex                           0x08004971   Thumb Code     4  printf2.o(x$fpl$printf2)
    OLED_F8x16                               0x08004974   Data        1520  oled.o(.constdata)
    __I$use$fp                               0x08004974   Number         0  usenofp.o(x$fpl$usenofp)
    kDefaultThreshold                        0x08004f64   Data           8  main.o(.constdata)
    Region$$Table$$Base                      0x080050f4   Number         0  anon$$obj.o(Region$$Table)
    Region$$Table$$Limit                     0x08005114   Number         0  anon$$obj.o(Region$$Table)
    __ctype                                  0x0800513d   Data           0  lc_ctype_c.o(locale$$data)
    g_threshold                              0x20000014   Data           8  main.o(.data)
    g_fan_mode                               0x2000001c   Data           1  main.o(.data)
    g_manual_fan_on                          0x2000001d   Data           1  main.o(.data)
    g_fan_on                                 0x2000001e   Data           1  main.o(.data)
    g_alarm_active                           0x2000001f   Data           1  main.o(.data)
    g_alarm_muted                            0x20000020   Data           1  main.o(.data)
    g_fan_off_delay_s                        0x20000022   Data           2  main.o(.data)
    g_fan_keep_ticks                         0x20000024   Data           2  main.o(.data)
    g_mq_preheat_s                           0x20000026   Data           2  main.o(.data)
    g_page                                   0x20000028   Data           1  main.o(.data)
    g_setting_mode                           0x20000029   Data           1  main.o(.data)
    g_setting_index                          0x2000002a   Data           1  main.o(.data)
    g_aq_score                               0x2000002c   Data           2  main.o(.data)
    g_aq_level                               0x2000002e   Data           1  main.o(.data)
    g_buzzer_phase                           0x2000002f   Data           1  main.o(.data)
    g_buzzer_ticks                           0x20000030   Data           2  main.o(.data)
    g_sgp30_offline_ticks                    0x20000032   Data           2  main.o(.data)
    g_sgp30_warmup_s                         0x20000034   Data           2  main.o(.data)
    g_uptime_s                               0x20000038   Data           4  main.o(.data)
    g_event_head                             0x2000003c   Data           1  main.o(.data)
    g_event_tail                             0x2000003d   Data           1  main.o(.data)
    g_ble_rx_idx                             0x2000003e   Data           1  main.o(.data)
    g_alarm_prev                             0x2000003f   Data           1  main.o(.data)
    g_alarm_log_head                         0x20000040   Data           1  main.o(.data)
    g_alarm_log_count                        0x20000041   Data           1  main.o(.data)
    g_air_data                               0x20000050   Data          14  main.o(.bss)
    g_key_state                              0x2000005e   Data          32  main.o(.bss)
    g_event_queue                            0x2000007e   Data          12  main.o(.bss)
    g_filter_mq                              0x2000008c   Data          24  main.o(.bss)
    g_filter_pm                              0x200000a4   Data          24  main.o(.bss)
    g_filter_co2                             0x200000bc   Data          24  main.o(.bss)
    g_filter_voc                             0x200000d4   Data          24  main.o(.bss)
    g_filter_temp_dht                        0x200000ec   Data          24  main.o(.bss)
    g_filter_hum_dht                         0x20000104   Data          24  main.o(.bss)
    g_ble_rx_line                            0x2000011c   Data          96  main.o(.bss)
    g_alarm_log                              0x2000017c   Data         320  main.o(.bss)
    __libspace_start                         0x200002d0   Data          96  libspace.o(.bss)
    __temporary_stack_top$libspace           0x20000330   Data           0  libspace.o(.bss)



==============================================================================

Memory Map of the image

  Image Entry point : 0x080000ed

  Load Region LR_IROM1 (Base: 0x08000000, Size: 0x00005290, Max: 0x00010000, ABSOLUTE)

    Execution Region ER_IROM1 (Exec base: 0x08000000, Load base: 0x08000000, Size: 0x00005240, Max: 0x00010000, ABSOLUTE)

    Exec Addr    Load Addr    Size         Type   Attr      Idx    E Section Name        Object

    0x08000000   0x08000000   0x000000ec   Data   RO            3    RESET               startup_stm32f10x_md.o
    0x080000ec   0x080000ec   0x00000008   Code   RO         3887  * !!!main             c_w.l(__main.o)
    0x080000f4   0x080000f4   0x00000034   Code   RO         4183    !!!scatter          c_w.l(__scatter.o)
    0x08000128   0x08000128   0x0000001a   Code   RO         4185    !!handler_copy      c_w.l(__scatter_copy.o)
    0x08000142   0x08000142   0x00000002   PAD
    0x08000144   0x08000144   0x0000001c   Code   RO         4187    !!handler_zi        c_w.l(__scatter_zi.o)
    0x08000160   0x08000160   0x00000000   Code   RO         3875    .ARM.Collect$$_printf_percent$$00000000  c_w.l(_printf_percent.o)
    0x08000160   0x08000160   0x00000006   Code   RO         3937    .ARM.Collect$$_printf_percent$$00000001  c_w.l(_printf_n.o)
    0x08000166   0x08000166   0x00000006   Code   RO         3939    .ARM.Collect$$_printf_percent$$00000002  c_w.l(_printf_p.o)
    0x0800016c   0x0800016c   0x00000006   Code   RO         3943    .ARM.Collect$$_printf_percent$$00000003  c_w.l(_printf_f.o)
    0x08000172   0x08000172   0x00000006   Code   RO         3944    .ARM.Collect$$_printf_percent$$00000004  c_w.l(_printf_e.o)
    0x08000178   0x08000178   0x00000006   Code   RO         3945    .ARM.Collect$$_printf_percent$$00000005  c_w.l(_printf_g.o)
    0x0800017e   0x0800017e   0x00000006   Code   RO         3946    .ARM.Collect$$_printf_percent$$00000006  c_w.l(_printf_a.o)
    0x08000184   0x08000184   0x0000000a   Code   RO         3951    .ARM.Collect$$_printf_percent$$00000007  c_w.l(_printf_ll.o)
    0x0800018e   0x0800018e   0x00000006   Code   RO         3941    .ARM.Collect$$_printf_percent$$00000008  c_w.l(_printf_i.o)
    0x08000194   0x08000194   0x00000006   Code   RO         3942    .ARM.Collect$$_printf_percent$$00000009  c_w.l(_printf_d.o)
    0x0800019a   0x0800019a   0x00000006   Code   RO         3874    .ARM.Collect$$_printf_percent$$0000000A  c_w.l(_printf_u.o)
    0x080001a0   0x080001a0   0x00000006   Code   RO         3940    .ARM.Collect$$_printf_percent$$0000000B  c_w.l(_printf_o.o)
    0x080001a6   0x080001a6   0x00000006   Code   RO         3938    .ARM.Collect$$_printf_percent$$0000000C  c_w.l(_printf_x.o)
    0x080001ac   0x080001ac   0x00000006   Code   RO         3948    .ARM.Collect$$_printf_percent$$0000000D  c_w.l(_printf_lli.o)
    0x080001b2   0x080001b2   0x00000006   Code   RO         3949    .ARM.Collect$$_printf_percent$$0000000E  c_w.l(_printf_lld.o)
    0x080001b8   0x080001b8   0x00000006   Code   RO         3950    .ARM.Collect$$_printf_percent$$0000000F  c_w.l(_printf_llu.o)
    0x080001be   0x080001be   0x00000006   Code   RO         3955    .ARM.Collect$$_printf_percent$$00000010  c_w.l(_printf_llo.o)
    0x080001c4   0x080001c4   0x00000006   Code   RO         3956    .ARM.Collect$$_printf_percent$$00000011  c_w.l(_printf_llx.o)
    0x080001ca   0x080001ca   0x0000000a   Code   RO         3952    .ARM.Collect$$_printf_percent$$00000012  c_w.l(_printf_l.o)
    0x080001d4   0x080001d4   0x00000006   Code   RO         3936    .ARM.Collect$$_printf_percent$$00000013  c_w.l(_printf_c.o)
    0x080001da   0x080001da   0x00000006   Code   RO         3873    .ARM.Collect$$_printf_percent$$00000014  c_w.l(_printf_s.o)
    0x080001e0   0x080001e0   0x00000006   Code   RO         3953    .ARM.Collect$$_printf_percent$$00000015  c_w.l(_printf_lc.o)
    0x080001e6   0x080001e6   0x00000006   Code   RO         3954    .ARM.Collect$$_printf_percent$$00000016  c_w.l(_printf_ls.o)
    0x080001ec   0x080001ec   0x00000004   Code   RO         3947    .ARM.Collect$$_printf_percent$$00000017  c_w.l(_printf_percent_end.o)
    0x080001f0   0x080001f0   0x00000002   Code   RO         4045    .ARM.Collect$$libinit$$00000000  c_w.l(libinit.o)
    0x080001f2   0x080001f2   0x00000000   Code   RO         4060    .ARM.Collect$$libinit$$00000002  c_w.l(libinit2.o)
    0x080001f2   0x080001f2   0x00000000   Code   RO         4062    .ARM.Collect$$libinit$$00000004  c_w.l(libinit2.o)
    0x080001f2   0x080001f2   0x00000000   Code   RO         4065    .ARM.Collect$$libinit$$0000000A  c_w.l(libinit2.o)
    0x080001f2   0x080001f2   0x00000000   Code   RO         4067    .ARM.Collect$$libinit$$0000000C  c_w.l(libinit2.o)
    0x080001f2   0x080001f2   0x00000000   Code   RO         4069    .ARM.Collect$$libinit$$0000000E  c_w.l(libinit2.o)
    0x080001f2   0x080001f2   0x00000006   Code   RO         4070    .ARM.Collect$$libinit$$0000000F  c_w.l(libinit2.o)
    0x080001f8   0x080001f8   0x00000000   Code   RO         4072    .ARM.Collect$$libinit$$00000011  c_w.l(libinit2.o)
    0x080001f8   0x080001f8   0x0000000c   Code   RO         4073    .ARM.Collect$$libinit$$00000012  c_w.l(libinit2.o)
    0x08000204   0x08000204   0x00000000   Code   RO         4074    .ARM.Collect$$libinit$$00000013  c_w.l(libinit2.o)
    0x08000204   0x08000204   0x00000000   Code   RO         4076    .ARM.Collect$$libinit$$00000015  c_w.l(libinit2.o)
    0x08000204   0x08000204   0x0000000a   Code   RO         4077    .ARM.Collect$$libinit$$00000016  c_w.l(libinit2.o)
    0x0800020e   0x0800020e   0x00000000   Code   RO         4078    .ARM.Collect$$libinit$$00000017  c_w.l(libinit2.o)
    0x0800020e   0x0800020e   0x00000000   Code   RO         4080    .ARM.Collect$$libinit$$00000019  c_w.l(libinit2.o)
    0x0800020e   0x0800020e   0x00000000   Code   RO         4082    .ARM.Collect$$libinit$$0000001B  c_w.l(libinit2.o)
    0x0800020e   0x0800020e   0x00000000   Code   RO         4084    .ARM.Collect$$libinit$$0000001D  c_w.l(libinit2.o)
    0x0800020e   0x0800020e   0x00000000   Code   RO         4086    .ARM.Collect$$libinit$$0000001F  c_w.l(libinit2.o)
    0x0800020e   0x0800020e   0x00000000   Code   RO         4088    .ARM.Collect$$libinit$$00000021  c_w.l(libinit2.o)
    0x0800020e   0x0800020e   0x00000000   Code   RO         4090    .ARM.Collect$$libinit$$00000023  c_w.l(libinit2.o)
    0x0800020e   0x0800020e   0x00000000   Code   RO         4092    .ARM.Collect$$libinit$$00000025  c_w.l(libinit2.o)
    0x0800020e   0x0800020e   0x00000000   Code   RO         4096    .ARM.Collect$$libinit$$0000002C  c_w.l(libinit2.o)
    0x0800020e   0x0800020e   0x00000000   Code   RO         4098    .ARM.Collect$$libinit$$0000002E  c_w.l(libinit2.o)
    0x0800020e   0x0800020e   0x00000000   Code   RO         4100    .ARM.Collect$$libinit$$00000030  c_w.l(libinit2.o)
    0x0800020e   0x0800020e   0x00000000   Code   RO         4102    .ARM.Collect$$libinit$$00000032  c_w.l(libinit2.o)
    0x0800020e   0x0800020e   0x00000002   Code   RO         4103    .ARM.Collect$$libinit$$00000033  c_w.l(libinit2.o)
    0x08000210   0x08000210   0x00000002   Code   RO         4123    .ARM.Collect$$libshutdown$$00000000  c_w.l(libshutdown.o)
    0x08000212   0x08000212   0x00000000   Code   RO         4136    .ARM.Collect$$libshutdown$$00000002  c_w.l(libshutdown2.o)
    0x08000212   0x08000212   0x00000000   Code   RO         4138    .ARM.Collect$$libshutdown$$00000004  c_w.l(libshutdown2.o)
    0x08000212   0x08000212   0x00000000   Code   RO         4141    .ARM.Collect$$libshutdown$$00000007  c_w.l(libshutdown2.o)
    0x08000212   0x08000212   0x00000000   Code   RO         4144    .ARM.Collect$$libshutdown$$0000000A  c_w.l(libshutdown2.o)
    0x08000212   0x08000212   0x00000000   Code   RO         4146    .ARM.Collect$$libshutdown$$0000000C  c_w.l(libshutdown2.o)
    0x08000212   0x08000212   0x00000000   Code   RO         4149    .ARM.Collect$$libshutdown$$0000000F  c_w.l(libshutdown2.o)
    0x08000212   0x08000212   0x00000002   Code   RO         4150    .ARM.Collect$$libshutdown$$00000010  c_w.l(libshutdown2.o)
    0x08000214   0x08000214   0x00000000   Code   RO         3889    .ARM.Collect$$rtentry$$00000000  c_w.l(__rtentry.o)
    0x08000214   0x08000214   0x00000000   Code   RO         3968    .ARM.Collect$$rtentry$$00000002  c_w.l(__rtentry2.o)
    0x08000214   0x08000214   0x00000006   Code   RO         3980    .ARM.Collect$$rtentry$$00000004  c_w.l(__rtentry4.o)
    0x0800021a   0x0800021a   0x00000000   Code   RO         3970    .ARM.Collect$$rtentry$$00000009  c_w.l(__rtentry2.o)
    0x0800021a   0x0800021a   0x00000004   Code   RO         3971    .ARM.Collect$$rtentry$$0000000A  c_w.l(__rtentry2.o)
    0x0800021e   0x0800021e   0x00000000   Code   RO         3973    .ARM.Collect$$rtentry$$0000000C  c_w.l(__rtentry2.o)
    0x0800021e   0x0800021e   0x00000008   Code   RO         3974    .ARM.Collect$$rtentry$$0000000D  c_w.l(__rtentry2.o)
    0x08000226   0x08000226   0x00000002   Code   RO         4054    .ARM.Collect$$rtexit$$00000000  c_w.l(rtexit.o)
    0x08000228   0x08000228   0x00000000   Code   RO         4105    .ARM.Collect$$rtexit$$00000002  c_w.l(rtexit2.o)
    0x08000228   0x08000228   0x00000004   Code   RO         4106    .ARM.Collect$$rtexit$$00000003  c_w.l(rtexit2.o)
    0x0800022c   0x0800022c   0x00000006   Code   RO         4107    .ARM.Collect$$rtexit$$00000004  c_w.l(rtexit2.o)
    0x08000232   0x08000232   0x00000002   PAD
    0x08000234   0x08000234   0x00000040   Code   RO            4    .text               startup_stm32f10x_md.o
    0x08000274   0x08000274   0x00000034   Code   RO         3839    .text               c_w.l(vsnprintf.o)
    0x080002a8   0x080002a8   0x0000002c   Code   RO         3841    .text               c_w.l(__2sprintf.o)
    0x080002d4   0x080002d4   0x0000004e   Code   RO         3847    .text               c_w.l(_printf_pad.o)
    0x08000322   0x08000322   0x00000052   Code   RO         3849    .text               c_w.l(_printf_str.o)
    0x08000374   0x08000374   0x00000078   Code   RO         3851    .text               c_w.l(_printf_dec.o)
    0x080003ec   0x080003ec   0x00000188   Code   RO         3870    .text               c_w.l(__printf_flags_ss_wp.o)
    0x08000574   0x08000574   0x0000000c   Code   RO         3876    .text               c_w.l(strtok.o)
    0x08000580   0x08000580   0x00000044   Code   RO         3879    .text               c_w.l(rt_memclr.o)
    0x080005c4   0x080005c4   0x0000004e   Code   RO         3881    .text               c_w.l(rt_memclr_w.o)
    0x08000612   0x08000612   0x00000002   PAD
    0x08000614   0x08000614   0x00000080   Code   RO         3883    .text               c_w.l(strcmpv7m.o)
    0x08000694   0x08000694   0x00000006   Code   RO         3885    .text               c_w.l(heapauxi.o)
    0x0800069a   0x0800069a   0x00000024   Code   RO         3890    .text               c_w.l(_printf_truncate.o)
    0x080006be   0x080006be   0x000000b2   Code   RO         3892    .text               c_w.l(_printf_intcommon.o)
    0x08000770   0x08000770   0x00000028   Code   RO         3894    .text               c_w.l(_printf_charcount.o)
    0x08000798   0x08000798   0x00000030   Code   RO         3896    .text               c_w.l(_printf_char_common.o)
    0x080007c8   0x080007c8   0x0000000a   Code   RO         3898    .text               c_w.l(_sputc.o)
    0x080007d2   0x080007d2   0x00000010   Code   RO         3900    .text               c_w.l(_snputc.o)
    0x080007e2   0x080007e2   0x0000002c   Code   RO         3902    .text               c_w.l(_printf_char.o)
    0x0800080e   0x0800080e   0x00000002   PAD
    0x08000810   0x08000810   0x000000bc   Code   RO         3904    .text               c_w.l(_printf_wctomb.o)
    0x080008cc   0x080008cc   0x0000007c   Code   RO         3907    .text               c_w.l(_printf_longlong_dec.o)
    0x08000948   0x08000948   0x00000070   Code   RO         3913    .text               c_w.l(_printf_oct_int_ll.o)
    0x080009b8   0x080009b8   0x00000094   Code   RO         3933    .text               c_w.l(_printf_hex_int_ll_ptr.o)
    0x08000a4c   0x08000a4c   0x00000044   Code   RO         3957    .text               c_w.l(strtok_int.o)
    0x08000a90   0x08000a90   0x0000008a   Code   RO         3982    .text               c_w.l(lludiv10.o)
    0x08000b1a   0x08000b1a   0x0000041e   Code   RO         3984    .text               c_w.l(_printf_fp_dec.o)
    0x08000f38   0x08000f38   0x000002fc   Code   RO         3986    .text               c_w.l(_printf_fp_hex.o)
    0x08001234   0x08001234   0x0000002c   Code   RO         3991    .text               c_w.l(_printf_wchar.o)
    0x08001260   0x08001260   0x00000040   Code   RO         3993    .text               c_w.l(_wcrtomb.o)
    0x080012a0   0x080012a0   0x00000020   Code   RO         3995    .text               c_w.l(strcspn.o)
    0x080012c0   0x080012c0   0x0000001c   Code   RO         3997    .text               c_w.l(strspn.o)
    0x080012dc   0x080012dc   0x0000004a   Code   RO         3999    .text               c_w.l(sys_stackheap_outer.o)
    0x08001326   0x08001326   0x00000002   PAD
    0x08001328   0x08001328   0x00000010   Code   RO         4001    .text               c_w.l(rt_ctype_table.o)
    0x08001338   0x08001338   0x00000008   Code   RO         4006    .text               c_w.l(rt_locale_intlibspace.o)
    0x08001340   0x08001340   0x00000080   Code   RO         4008    .text               c_w.l(_printf_fp_infnan.o)
    0x080013c0   0x080013c0   0x000000e4   Code   RO         4010    .text               c_w.l(bigflt0.o)
    0x080014a4   0x080014a4   0x00000012   Code   RO         4038    .text               c_w.l(exit.o)
    0x080014b6   0x080014b6   0x00000002   PAD
    0x080014b8   0x080014b8   0x00000008   Code   RO         4051    .text               c_w.l(libspace.o)
    0x080014c0   0x080014c0   0x0000000c   Code   RO         4115    .text               c_w.l(sys_exit.o)
    0x080014cc   0x080014cc   0x00000002   Code   RO         4126    .text               c_w.l(use_no_semi.o)
    0x080014ce   0x080014ce   0x00000000   Code   RO         4128    .text               c_w.l(indicate_semi.o)
    0x080014ce   0x080014ce   0x0000003e   Code   RO         4013    CL$$btod_d2e        c_w.l(btod.o)
    0x0800150c   0x0800150c   0x00000046   Code   RO         4015    CL$$btod_d2e_denorm_low  c_w.l(btod.o)
    0x08001552   0x08001552   0x00000060   Code   RO         4014    CL$$btod_d2e_norm_op1  c_w.l(btod.o)
    0x080015b2   0x080015b2   0x00000338   Code   RO         4023    CL$$btod_div_common  c_w.l(btod.o)
    0x080018ea   0x080018ea   0x000000dc   Code   RO         4020    CL$$btod_e2e        c_w.l(btod.o)
    0x080019c6   0x080019c6   0x0000002a   Code   RO         4017    CL$$btod_ediv       c_w.l(btod.o)
    0x080019f0   0x080019f0   0x0000002a   Code   RO         4016    CL$$btod_emul       c_w.l(btod.o)
    0x08001a1a   0x08001a1a   0x00000244   Code   RO         4022    CL$$btod_mult_common  c_w.l(btod.o)
    0x08001c5e   0x08001c5e   0x00000016   Code   RO          202    i.ADC_Cmd           stm32f10x_adc.o
    0x08001c74   0x08001c74   0x00000068   Code   RO         3360    i.ADC_Config        app_hw.o
    0x08001cdc   0x08001cdc   0x0000005c   Code   RO          204    i.ADC_DeInit        stm32f10x_adc.o
    0x08001d38   0x08001d38   0x00000014   Code   RO          210    i.ADC_GetCalibrationStatus  stm32f10x_adc.o
    0x08001d4c   0x08001d4c   0x00000008   Code   RO          211    i.ADC_GetConversionValue  stm32f10x_adc.o
    0x08001d54   0x08001d54   0x00000012   Code   RO          213    i.ADC_GetFlagStatus  stm32f10x_adc.o
    0x08001d66   0x08001d66   0x00000014   Code   RO          216    i.ADC_GetResetCalibrationStatus  stm32f10x_adc.o
    0x08001d7a   0x08001d7a   0x00000002   PAD
    0x08001d7c   0x08001d7c   0x00000050   Code   RO          220    i.ADC_Init          stm32f10x_adc.o
    0x08001dcc   0x08001dcc   0x00000034   Code   RO         3450    i.ADC_ReadChannel   app_sensor.o
    0x08001e00   0x08001e00   0x000000b8   Code   RO          224    i.ADC_RegularChannelConfig  stm32f10x_adc.o
    0x08001eb8   0x08001eb8   0x0000000a   Code   RO          225    i.ADC_ResetCalibration  stm32f10x_adc.o
    0x08001ec2   0x08001ec2   0x00000016   Code   RO          227    i.ADC_SoftwareStartConvCmd  stm32f10x_adc.o
    0x08001ed8   0x08001ed8   0x0000000a   Code   RO          229    i.ADC_StartCalibration  stm32f10x_adc.o
    0x08001ee2   0x08001ee2   0x00000012   Code   RO          230    i.ADC_StructInit    stm32f10x_adc.o
    0x08001ef4   0x08001ef4   0x00000060   Code   RO         3611    i.AQ_LevelText      app_ui.o
    0x08001f54   0x08001f54   0x0000022c   Code   RO         3451    i.AQ_UpdateAndJudge  app_sensor.o
    0x08002180   0x08002180   0x00000094   Code   RO         3612    i.AdjustSetting     app_ui.o
    0x08002214   0x08002214   0x00000020   Code   RO         3418    i.App_DefaultParams  app_params.o
    0x08002234   0x08002234   0x00000068   Code   RO         3419    i.App_LoadParams    app_params.o
    0x0800229c   0x0800229c   0x000000a0   Code   RO         3420    i.App_SaveParams    app_params.o
    0x0800233c   0x0800233c   0x0000000e   Code   RO         3452    i.AvgFilter_Reset   app_sensor.o
    0x0800234a   0x0800234a   0x00000068   Code   RO         3453    i.AvgFilter_Update  app_sensor.o
    0x080023b2   0x080023b2   0x00000002   PAD
    0x080023b4   0x080023b4   0x00000028   Code   RO         3694    i.BLE_CheckAlarmEdge  app_ble.o
    0x080023dc   0x080023dc   0x000000dc   Code   RO         3695    i.BLE_LogAlarmEvent  app_ble.o
    0x080024b8   0x080024b8   0x00000078   Code   RO         3696    i.BLE_PollRx        app_ble.o
    0x08002530   0x08002530   0x0000048c   Code   RO         3697    i.BLE_ProcessLine   app_ble.o
    0x080029bc   0x080029bc   0x00000064   Code   RO         3698    i.BLE_ReportConfig  app_ble.o
    0x08002a20   0x08002a20   0x00000080   Code   RO         3699    i.BLE_ReportData    app_ble.o
    0x08002aa0   0x08002aa0   0x000000d0   Code   RO         3700    i.BLE_ReportLogs    app_ble.o
    0x08002b70   0x08002b70   0x00000020   Code   RO         3701    i.BLE_SendChar      app_ble.o
    0x08002b90   0x08002b90   0x00000016   Code   RO         3702    i.BLE_SendString    app_ble.o
    0x08002ba6   0x08002ba6   0x00000026   Code   RO         3703    i.BLE_Sendf         app_ble.o
    0x08002bcc   0x08002bcc   0x00000004   Code   RO         3774    i.BusFault_Handler  stm32f10x_it.o
    0x08002bd0   0x08002bd0   0x00000020   Code   RO         3361    i.Buzzer_Set        app_hw.o
    0x08002bf0   0x08002bf0   0x000000cc   Code   RO         3682    i.Control_Task10ms  app_control.o
    0x08002cbc   0x08002cbc   0x00000054   Code   RO         3613    i.CurrentSettingName  app_ui.o
    0x08002d10   0x08002d10   0x0000003c   Code   RO         3614    i.CurrentSettingValue  app_ui.o
    0x08002d4c   0x08002d4c   0x00000024   Code   RO         3454    i.DHT11_PinInput    app_sensor.o
    0x08002d70   0x08002d70   0x00000024   Code   RO         3455    i.DHT11_PinOutput   app_sensor.o
    0x08002d94   0x08002d94   0x00000108   Code   RO         3456    i.DHT11_Read        app_sensor.o
    0x08002e9c   0x08002e9c   0x00000030   Code   RO         3457    i.DHT11_WaitState   app_sensor.o
    0x08002ecc   0x08002ecc   0x00000002   Code   RO         3775    i.DebugMon_Handler  stm32f10x_it.o
    0x08002ece   0x08002ece   0x00000018   Code   RO         3196    i.Delay_ms          delay.o
    0x08002ee6   0x08002ee6   0x0000002e   Code   RO         3198    i.Delay_us          delay.o
    0x08002f14   0x08002f14   0x00000304   Code   RO         3615    i.Display_Task      app_ui.o
    0x08003218   0x08003218   0x0000001c   Code   RO         3362    i.DustLed_Set       app_hw.o
    0x08003234   0x08003234   0x0000008c   Code   RO         3458    i.Dust_Filter       app_sensor.o
    0x080032c0   0x080032c0   0x000000ae   Code   RO         3459    i.Dust_ReadPM25     app_sensor.o
    0x0800336e   0x0800336e   0x00000002   PAD
    0x08003370   0x08003370   0x0000003c   Code   RO         3616    i.Event_Pop         app_ui.o
    0x080033ac   0x080033ac   0x00000038   Code   RO         3617    i.Event_Push        app_ui.o
    0x080033e4   0x080033e4   0x0000000c   Code   RO         1041    i.FLASH_ClearFlag   stm32f10x_flash.o
    0x080033f0   0x080033f0   0x0000004c   Code   RO         1046    i.FLASH_ErasePage   stm32f10x_flash.o
    0x0800343c   0x0800343c   0x00000034   Code   RO         1047    i.FLASH_GetBank1Status  stm32f10x_flash.o
    0x08003470   0x08003470   0x00000014   Code   RO         1056    i.FLASH_Lock        stm32f10x_flash.o
    0x08003484   0x08003484   0x00000040   Code   RO         1059    i.FLASH_ProgramHalfWord  stm32f10x_flash.o
    0x080034c4   0x080034c4   0x00000018   Code   RO         1064    i.FLASH_Unlock      stm32f10x_flash.o
    0x080034dc   0x080034dc   0x00000026   Code   RO         1068    i.FLASH_WaitForLastOperation  stm32f10x_flash.o
    0x08003502   0x08003502   0x00000002   PAD
    0x08003504   0x08003504   0x00000114   Code   RO         3363    i.GPIO_Config       app_hw.o
    0x08003618   0x08003618   0x00000116   Code   RO         1347    i.GPIO_Init         stm32f10x_gpio.o
    0x0800372e   0x0800372e   0x00000012   Code   RO         1351    i.GPIO_ReadInputDataBit  stm32f10x_gpio.o
    0x08003740   0x08003740   0x00000004   Code   RO         1354    i.GPIO_ResetBits    stm32f10x_gpio.o
    0x08003744   0x08003744   0x00000004   Code   RO         1355    i.GPIO_SetBits      stm32f10x_gpio.o
    0x08003748   0x08003748   0x00000010   Code   RO         1356    i.GPIO_StructInit   stm32f10x_gpio.o
    0x08003758   0x08003758   0x0000000a   Code   RO         1358    i.GPIO_WriteBit     stm32f10x_gpio.o
    0x08003762   0x08003762   0x00000002   PAD
    0x08003764   0x08003764   0x00000130   Code   RO         3618    i.HandleKeyEvent    app_ui.o
    0x08003894   0x08003894   0x00000004   Code   RO         3776    i.HardFault_Handler  stm32f10x_it.o
    0x08003898   0x08003898   0x00000024   Code   RO         3619    i.Key_IsPressed     app_ui.o
    0x080038bc   0x080038bc   0x000000f8   Code   RO         3620    i.Keys_Scan10ms     app_ui.o
    0x080039b4   0x080039b4   0x00000028   Code   RO         3460    i.LimitStep         app_sensor.o
    0x080039dc   0x080039dc   0x0000000a   Code   RO         3461    i.MQ135_Read        app_sensor.o
    0x080039e6   0x080039e6   0x0000007a   Code   RO         3462    i.MedianAverageADC  app_sensor.o
    0x08003a60   0x08003a60   0x00000004   Code   RO         3777    i.MemManage_Handler  stm32f10x_it.o
    0x08003a64   0x08003a64   0x00000002   Code   RO         3778    i.NMI_Handler       stm32f10x_it.o
    0x08003a66   0x08003a66   0x0000002a   Code   RO         3220    i.OLED_Clear        oled.o
    0x08003a90   0x08003a90   0x0000004c   Code   RO         3221    i.OLED_I2C_Init     oled.o
    0x08003adc   0x08003adc   0x00000050   Code   RO         3222    i.OLED_I2C_SendByte  oled.o
    0x08003b2c   0x08003b2c   0x00000030   Code   RO         3223    i.OLED_I2C_Start    oled.o
    0x08003b5c   0x08003b5c   0x00000028   Code   RO         3224    i.OLED_I2C_Stop     oled.o
    0x08003b84   0x08003b84   0x000000ae   Code   RO         3225    i.OLED_Init         oled.o
    0x08003c32   0x08003c32   0x00000046   Code   RO         3621    i.OLED_PrintLine    app_ui.o
    0x08003c78   0x08003c78   0x00000022   Code   RO         3227    i.OLED_SetCursor    oled.o
    0x08003c9a   0x08003c9a   0x00000002   PAD
    0x08003c9c   0x08003c9c   0x00000074   Code   RO         3229    i.OLED_ShowChar     oled.o
    0x08003d10   0x08003d10   0x00000028   Code   RO         3233    i.OLED_ShowString   oled.o
    0x08003d38   0x08003d38   0x00000020   Code   RO         3234    i.OLED_WriteCommand  oled.o
    0x08003d58   0x08003d58   0x00000020   Code   RO         3235    i.OLED_WriteData    oled.o
    0x08003d78   0x08003d78   0x0000001c   Code   RO         3421    i.Param_Checksum    app_params.o
    0x08003d94   0x08003d94   0x00000048   Code   RO         3704    i.ParseU16          app_ble.o
    0x08003ddc   0x08003ddc   0x00000002   Code   RO         3779    i.PendSV_Handler    stm32f10x_it.o
    0x08003dde   0x08003dde   0x00000002   PAD
    0x08003de0   0x08003de0   0x00000018   Code   RO         1773    i.RCC_ADCCLKConfig  stm32f10x_rcc.o
    0x08003df8   0x08003df8   0x00000020   Code   RO         1775    i.RCC_APB1PeriphClockCmd  stm32f10x_rcc.o
    0x08003e18   0x08003e18   0x00000020   Code   RO         1777    i.RCC_APB2PeriphClockCmd  stm32f10x_rcc.o
    0x08003e38   0x08003e38   0x00000020   Code   RO         1778    i.RCC_APB2PeriphResetCmd  stm32f10x_rcc.o
    0x08003e58   0x08003e58   0x0000001e   Code   RO         3364    i.RCC_Config        app_hw.o
    0x08003e76   0x08003e76   0x00000002   PAD
    0x08003e78   0x08003e78   0x000000d4   Code   RO         1785    i.RCC_GetClocksFreq  stm32f10x_rcc.o
    0x08003f4c   0x08003f4c   0x00000020   Code   RO         3365    i.Relay_Set         app_hw.o
    0x08003f6c   0x08003f6c   0x0000003a   Code   RO         3463    i.SGP30_CRC8        app_sensor.o
    0x08003fa6   0x08003fa6   0x0000000a   Code   RO         3464    i.SGP30_I2C_Delay   app_sensor.o
    0x08003fb0   0x08003fb0   0x00000066   Code   RO         3465    i.SGP30_I2C_ReadByte  app_sensor.o
    0x08004016   0x08004016   0x00000002   PAD
    0x08004018   0x08004018   0x0000001c   Code   RO         3466    i.SGP30_I2C_ReadSDA  app_sensor.o
    0x08004034   0x08004034   0x00000020   Code   RO         3467    i.SGP30_I2C_SetSCL  app_sensor.o
    0x08004054   0x08004054   0x00000020   Code   RO         3468    i.SGP30_I2C_SetSDA  app_sensor.o
    0x08004074   0x08004074   0x00000024   Code   RO         3469    i.SGP30_I2C_Start   app_sensor.o
    0x08004098   0x08004098   0x00000022   Code   RO         3470    i.SGP30_I2C_Stop    app_sensor.o
    0x080040ba   0x080040ba   0x0000005c   Code   RO         3471    i.SGP30_I2C_WriteByte  app_sensor.o
    0x08004116   0x08004116   0x00000082   Code   RO         3472    i.SGP30_Init        app_sensor.o
    0x08004198   0x08004198   0x0000008e   Code   RO         3473    i.SGP30_ReadAir     app_sensor.o
    0x08004226   0x08004226   0x00000042   Code   RO         3474    i.SGP30_ReadResponse  app_sensor.o
    0x08004268   0x08004268   0x00000088   Code   RO         3475    i.SGP30_Task_1s     app_sensor.o
    0x080042f0   0x080042f0   0x00000040   Code   RO         3476    i.SGP30_WriteCommand  app_sensor.o
    0x08004330   0x08004330   0x00000002   Code   RO         3780    i.SVC_Handler       stm32f10x_it.o
    0x08004332   0x08004332   0x00000002   PAD
    0x08004334   0x08004334   0x0000005c   Code   RO         3477    i.Sensor_Task_2s    app_sensor.o
    0x08004390   0x08004390   0x00000058   Code   RO         3478    i.Sensor_Task_500ms  app_sensor.o
    0x080043e8   0x080043e8   0x00000008   Code   RO           24    i.SetSysClock       system_stm32f10x.o
    0x080043f0   0x080043f0   0x000000e0   Code   RO           25    i.SetSysClockTo72   system_stm32f10x.o
    0x080044d0   0x080044d0   0x00000002   Code   RO         3781    i.SysTick_Handler   stm32f10x_it.o
    0x080044d2   0x080044d2   0x00000002   PAD
    0x080044d4   0x080044d4   0x00000060   Code   RO           27    i.SystemInit        system_stm32f10x.o
    0x08004534   0x08004534   0x0000002c   Code   RO         3366    i.USART1_Config     app_hw.o
    0x08004560   0x08004560   0x0000002c   Code   RO         3367    i.USART2_BLE_Config  app_hw.o
    0x0800458c   0x0800458c   0x00000018   Code   RO         2960    i.USART_Cmd         stm32f10x_usart.o
    0x080045a4   0x080045a4   0x0000001a   Code   RO         2963    i.USART_GetFlagStatus  stm32f10x_usart.o
    0x080045be   0x080045be   0x00000002   PAD
    0x080045c0   0x080045c0   0x000000d8   Code   RO         2967    i.USART_Init        stm32f10x_usart.o
    0x08004698   0x08004698   0x0000000a   Code   RO         2974    i.USART_ReceiveData  stm32f10x_usart.o
    0x080046a2   0x080046a2   0x00000008   Code   RO         2977    i.USART_SendData    stm32f10x_usart.o
    0x080046aa   0x080046aa   0x00000018   Code   RO         2983    i.USART_StructInit  stm32f10x_usart.o
    0x080046c2   0x080046c2   0x00000004   Code   RO         3782    i.UsageFault_Handler  stm32f10x_it.o
    0x080046c6   0x080046c6   0x00000028   Code   RO         4049    i.__ARM_fpclassify  m_ws.l(fpclassify.o)
    0x080046ee   0x080046ee   0x0000000e   Code   RO         3863    i._is_digit         c_w.l(__printf_wp.o)
    0x080046fc   0x080046fc   0x00000218   Code   RO         3328    i.main              main.o
    0x08004914   0x08004914   0x0000002c   Code   RO         4036    locale$$code        c_w.l(lc_numeric_c.o)
    0x08004940   0x08004940   0x0000002c   Code   RO         4057    locale$$code        c_w.l(lc_ctype_c.o)
    0x0800496c   0x0800496c   0x00000004   Code   RO         3959    x$fpl$printf1       fz_ws.l(printf1.o)
    0x08004970   0x08004970   0x00000004   Code   RO         3961    x$fpl$printf2       fz_ws.l(printf2.o)
    0x08004974   0x08004974   0x00000000   Code   RO         4048    x$fpl$usenofp       fz_ws.l(usenofp.o)
    0x08004974   0x08004974   0x000005f0   Data   RO         3236    .constdata          oled.o
    0x08004f64   0x08004f64   0x00000008   Data   RO         3330    .constdata          main.o
    0x08004f6c   0x08004f6c   0x00000020   Data   RO         3622    .constdata          app_ui.o
    0x08004f8c   0x08004f8c   0x00000011   Data   RO         3871    .constdata          c_w.l(__printf_flags_ss_wp.o)
    0x08004f9d   0x08004f9d   0x00000003   PAD
    0x08004fa0   0x08004fa0   0x00000008   Data   RO         3905    .constdata          c_w.l(_printf_wctomb.o)
    0x08004fa8   0x08004fa8   0x00000028   Data   RO         3934    .constdata          c_w.l(_printf_hex_int_ll_ptr.o)
    0x08004fd0   0x08004fd0   0x00000026   Data   RO         3987    .constdata          c_w.l(_printf_fp_hex.o)
    0x08004ff6   0x08004ff6   0x00000002   PAD
    0x08004ff8   0x08004ff8   0x00000094   Data   RO         4011    .constdata          c_w.l(bigflt0.o)
    0x0800508c   0x0800508c   0x00000067   Data   RO         3705    .conststring        app_ble.o
    0x080050f3   0x080050f3   0x00000001   PAD
    0x080050f4   0x080050f4   0x00000020   Data   RO         4181    Region$$Table       anon$$obj.o
    0x08005114   0x08005114   0x0000001c   Data   RO         4035    locale$$data        c_w.l(lc_numeric_c.o)
    0x08005130   0x08005130   0x00000110   Data   RO         4056    locale$$data        c_w.l(lc_ctype_c.o)


    Execution Region RW_IRAM1 (Exec base: 0x20000000, Load base: 0x08005240, Size: 0x00000930, Max: 0x00005000, ABSOLUTE)

    Exec Addr    Load Addr    Size         Type   Attr      Idx    E Section Name        Object

    0x20000000   0x08005240   0x00000014   Data   RW         1805    .data               stm32f10x_rcc.o
    0x20000014   0x08005254   0x0000002e   Data   RW         3331    .data               main.o
    0x20000042   0x08005282   0x00000002   PAD
    0x20000044   0x08005284   0x00000008   Data   RW         3480    .data               app_sensor.o
    0x2000004c   0x0800528c   0x00000004   Data   RW         3877    .data               c_w.l(strtok.o)
    0x20000050        -       0x0000026c   Zero   RW         3329    .bss                main.o
    0x200002bc        -       0x00000014   Zero   RW         3479    .bss                app_sensor.o
    0x200002d0        -       0x00000060   Zero   RW         4052    .bss                c_w.l(libspace.o)
    0x20000330        -       0x00000200   Zero   RW            2    HEAP                startup_stm32f10x_md.o
    0x20000530        -       0x00000400   Zero   RW            1    STACK               startup_stm32f10x_md.o


==============================================================================

Image component sizes


      Code (inc. data)   RO Data    RW Data    ZI Data      Debug   Object Name

      2144        766        103          0          0       6943   app_ble.o
       204         38          0          0          0        519   app_control.o
       590         42          0          0          0       7705   app_hw.o
       324         44          0          0          0       2734   app_params.o
      2738        136          0          8         20      16575   app_sensor.o
      1934        522         32          0          0       6508   app_ui.o
         0          0          0          0          0       4524   core_cm3.o
        70          0          0          0          0        882   delay.o
       536        156          8         46        620       5385   main.o
         0          0          0          0          0     210676   misc.o
       714         26       1520          0          0       5991   oled.o
        64         26        236          0       1536        808   startup_stm32f10x_md.o
       504         24          0          0          0      17411   stm32f10x_adc.o
       286         36          0          0          0       9868   stm32f10x_flash.o
       330          0          0          0          0      12686   stm32f10x_gpio.o
        26          0          0          0          0       3586   stm32f10x_it.o
       332         44          0         20          0      13890   stm32f10x_rcc.o
       308          6          0          0          0      10707   stm32f10x_usart.o
       328         28          0          0          0      31069   system_stm32f10x.o

    ----------------------------------------------------------------------
     11456       1894       1932         76       2176     368467   Object Totals
         0          0         32          0          0          0   (incl. Generated)
        24          0          1          2          0          0   (incl. Padding)

    ----------------------------------------------------------------------

      Code (inc. data)   RO Data    RW Data    ZI Data      Debug   Library Member Name

        44          6          0          0          0         84   __2sprintf.o
         8          0          0          0          0         68   __main.o
       392          4         17          0          0         92   __printf_flags_ss_wp.o
        14          0          0          0          0         68   __printf_wp.o
         0          0          0          0          0          0   __rtentry.o
        12          0          0          0          0          0   __rtentry2.o
         6          0          0          0          0          0   __rtentry4.o
        52          8          0          0          0          0   __scatter.o
        26          0          0          0          0          0   __scatter_copy.o
        28          0          0          0          0          0   __scatter_zi.o
         6          0          0          0          0          0   _printf_a.o
         6          0          0          0          0          0   _printf_c.o
        44          0          0          0          0        108   _printf_char.o
        48          6          0          0          0         96   _printf_char_common.o
        40          0          0          0          0         68   _printf_charcount.o
         6          0          0          0          0          0   _printf_d.o
       120         16          0          0          0         92   _printf_dec.o
         6          0          0          0          0          0   _printf_e.o
         6          0          0          0          0          0   _printf_f.o
      1054          0          0          0          0        216   _printf_fp_dec.o
       764          8         38          0          0        100   _printf_fp_hex.o
       128         16          0          0          0         84   _printf_fp_infnan.o
         6          0          0          0          0          0   _printf_g.o
       148          4         40          0          0        160   _printf_hex_int_ll_ptr.o
         6          0          0          0          0          0   _printf_i.o
       178          0          0          0          0         88   _printf_intcommon.o
        10          0          0          0          0          0   _printf_l.o
         6          0          0          0          0          0   _printf_lc.o
        10          0          0          0          0          0   _printf_ll.o
         6          0          0          0          0          0   _printf_lld.o
         6          0          0          0          0          0   _printf_lli.o
         6          0          0          0          0          0   _printf_llo.o
         6          0          0          0          0          0   _printf_llu.o
         6          0          0          0          0          0   _printf_llx.o
       124         16          0          0          0         92   _printf_longlong_dec.o
         6          0          0          0          0          0   _printf_ls.o
         6          0          0          0          0          0   _printf_n.o
         6          0          0          0          0          0   _printf_o.o
       112         10          0          0          0        124   _printf_oct_int_ll.o
         6          0          0          0          0          0   _printf_p.o
        78          0          0          0          0        108   _printf_pad.o
         0          0          0          0          0          0   _printf_percent.o
         4          0          0          0          0          0   _printf_percent_end.o
         6          0          0          0          0          0   _printf_s.o
        82          0          0          0          0         80   _printf_str.o
        36          0          0          0          0         84   _printf_truncate.o
         6          0          0          0          0          0   _printf_u.o
        44          0          0          0          0        108   _printf_wchar.o
       188          6          8          0          0         92   _printf_wctomb.o
         6          0          0          0          0          0   _printf_x.o
        16          0          0          0          0         68   _snputc.o
        10          0          0          0          0         68   _sputc.o
        64          0          0          0          0         92   _wcrtomb.o
       228          4        148          0          0         96   bigflt0.o
      1936        128          0          0          0        672   btod.o
        18          0          0          0          0         80   exit.o
         6          0          0          0          0        152   heapauxi.o
         0          0          0          0          0          0   indicate_semi.o
        44         10        272          0          0         76   lc_ctype_c.o
        44         10         28          0          0         76   lc_numeric_c.o
         2          0          0          0          0          0   libinit.o
        30          0          0          0          0          0   libinit2.o
         2          0          0          0          0          0   libshutdown.o
         2          0          0          0          0          0   libshutdown2.o
         8          4          0          0         96         68   libspace.o
       138          0          0          0          0         80   lludiv10.o
        16          4          0          0          0         76   rt_ctype_table.o
         8          4          0          0          0         68   rt_locale_intlibspace.o
        68          0          0          0          0         68   rt_memclr.o
        78          0          0          0          0         80   rt_memclr_w.o
         2          0          0          0          0          0   rtexit.o
        10          0          0          0          0          0   rtexit2.o
       128          0          0          0          0         68   strcmpv7m.o
        32          0          0          0          0         80   strcspn.o
        28          0          0          0          0         80   strspn.o
        12          6          0          4          0         68   strtok.o
        68          4          0          0          0         84   strtok_int.o
        12          4          0          0          0         68   sys_exit.o
        74          0          0          0          0         80   sys_stackheap_outer.o
         2          0          0          0          0         68   use_no_semi.o
        52          4          0          0          0         80   vsnprintf.o
         4          0          0          0          0         68   printf1.o
         4          0          0          0          0         68   printf2.o
         0          0          0          0          0          0   usenofp.o
        40          0          0          0          0         68   fpclassify.o

    ----------------------------------------------------------------------
      7112        282        556          4         96       4712   Library Totals
        12          0          5          0          0          0   (incl. Padding)

    ----------------------------------------------------------------------

      Code (inc. data)   RO Data    RW Data    ZI Data      Debug   Library Name

      7052        282        551          4         96       4508   c_w.l
         8          0          0          0          0        136   fz_ws.l
        40          0          0          0          0         68   m_ws.l

    ----------------------------------------------------------------------
      7112        282        556          4         96       4712   Library Totals

    ----------------------------------------------------------------------

==============================================================================


      Code (inc. data)   RO Data    RW Data    ZI Data      Debug   

     18568       2176       2488         80       2272     364179   Grand Totals
     18568       2176       2488         80       2272     364179   ELF Image Totals
     18568       2176       2488         80          0          0   ROM Totals

==============================================================================

    Total RO  Size (Code + RO Data)                21056 (  20.56kB)
    Total RW  Size (RW Data + ZI Data)              2352 (   2.30kB)
    Total ROM Size (Code + RO Data + RW Data)      21136 (  20.64kB)

==============================================================================

